Archive member included to satisfy reference by file (symbol)

C:/ST/STM32CubeIDE_1.14.1/STM32CubeIDE/plugins/com.st.stm32cube.ide.mcu.externaltools.gnu-tools-for-stm32.12.3.rel1.win32_1.0.100.202403111256/tools/bin/../lib/gcc/arm-none-eabi/12.3.1/../../../../arm-none-eabi/lib/thumb/v7e-m+fp/hard\libc_nano.a(libc_a-exit.o)
                              C:/ST/STM32CubeIDE_1.14.1/STM32CubeIDE/plugins/com.st.stm32cube.ide.mcu.externaltools.gnu-tools-for-stm32.12.3.rel1.win32_1.0.100.202403111256/tools/bin/../lib/gcc/arm-none-eabi/12.3.1/../../../../arm-none-eabi/lib/thumb/v7e-m+fp/hard/crt0.o (exit)
C:/ST/STM32CubeIDE_1.14.1/STM32CubeIDE/plugins/com.st.stm32cube.ide.mcu.externaltools.gnu-tools-for-stm32.12.3.rel1.win32_1.0.100.202403111256/tools/bin/../lib/gcc/arm-none-eabi/12.3.1/../../../../arm-none-eabi/lib/thumb/v7e-m+fp/hard\libc_nano.a(libc_a-malloc.o)
                              ./Core/Src/deform.o (malloc)
C:/ST/STM32CubeIDE_1.14.1/STM32CubeIDE/plugins/com.st.stm32cube.ide.mcu.externaltools.gnu-tools-for-stm32.12.3.rel1.win32_1.0.100.202403111256/tools/bin/../lib/gcc/arm-none-eabi/12.3.1/../../../../arm-none-eabi/lib/thumb/v7e-m+fp/hard\libc_nano.a(libc_a-mallocr.o)
                              C:/ST/STM32CubeIDE_1.14.1/STM32CubeIDE/plugins/com.st.stm32cube.ide.mcu.externaltools.gnu-tools-for-stm32.12.3.rel1.win32_1.0.100.202403111256/tools/bin/../lib/gcc/arm-none-eabi/12.3.1/../../../../arm-none-eabi/lib/thumb/v7e-m+fp/hard\libc_nano.a(libc_a-malloc.o) (_malloc_r)
C:/ST/STM32CubeIDE_1.14.1/STM32CubeIDE/plugins/com.st.stm32cube.ide.mcu.externaltools.gnu-tools-for-stm32.12.3.rel1.win32_1.0.100.202403111256/tools/bin/../lib/gcc/arm-none-eabi/12.3.1/../../../../arm-none-eabi/lib/thumb/v7e-m+fp/hard\libc_nano.a(libc_a-mlock.o)
                              C:/ST/STM32CubeIDE_1.14.1/STM32CubeIDE/plugins/com.st.stm32cube.ide.mcu.externaltools.gnu-tools-for-stm32.12.3.rel1.win32_1.0.100.202403111256/tools/bin/../lib/gcc/arm-none-eabi/12.3.1/../../../../arm-none-eabi/lib/thumb/v7e-m+fp/hard\libc_nano.a(libc_a-mallocr.o) (__malloc_lock)
C:/ST/STM32CubeIDE_1.14.1/STM32CubeIDE/plugins/com.st.stm32cube.ide.mcu.externaltools.gnu-tools-for-stm32.12.3.rel1.win32_1.0.100.202403111256/tools/bin/../lib/gcc/arm-none-eabi/12.3.1/../../../../arm-none-eabi/lib/thumb/v7e-m+fp/hard\libc_nano.a(libc_a-rand.o)
                              ./Core/Src/metaballs.o (rand)
C:/ST/STM32CubeIDE_1.14.1/STM32CubeIDE/plugins/com.st.stm32cube.ide.mcu.externaltools.gnu-tools-for-stm32.12.3.rel1.win32_1.0.100.202403111256/tools/bin/../lib/gcc/arm-none-eabi/12.3.1/../../../../arm-none-eabi/lib/thumb/v7e-m+fp/hard\libc_nano.a(libc_a-fclose.o)
                              ./hagl/src/hagl.o (fclose)
C:/ST/STM32CubeIDE_1.14.1/STM32CubeIDE/plugins/com.st.stm32cube.ide.mcu.externaltools.gnu-tools-for-stm32.12.3.rel1.win32_1.0.100.202403111256/tools/bin/../lib/gcc/arm-none-eabi/12.3.1/../../../../arm-none-eabi/lib/thumb/v7e-m+fp/hard\libc_nano.a(libc_a-fflush.o)
                              C:/ST/STM32CubeIDE_1.14.1/STM32CubeIDE/plugins/com.st.stm32cube.ide.mcu.externaltools.gnu-tools-for-stm32.12.3.rel1.win32_1.0.100.202403111256/tools/bin/../lib/gcc/arm-none-eabi/12.3.1/../../../../arm-none-eabi/lib/thumb/v7e-m+fp/hard\libc_nano.a(libc_a-fclose.o) (__sflush_r)
C:/ST/STM32CubeIDE_1.14.1/STM32CubeIDE/plugins/com.st.stm32cube.ide.mcu.externaltools.gnu-tools-for-stm32.12.3.rel1.win32_1.0.100.202403111256/tools/bin/../lib/gcc/arm-none-eabi/12.3.1/../../../../arm-none-eabi/lib/thumb/v7e-m+fp/hard\libc_nano.a(libc_a-findfp.o)
                              C:/ST/STM32CubeIDE_1.14.1/STM32CubeIDE/plugins/com.st.stm32cube.ide.mcu.externaltools.gnu-tools-for-stm32.12.3.rel1.win32_1.0.100.202403111256/tools/bin/../lib/gcc/arm-none-eabi/12.3.1/../../../../arm-none-eabi/lib/thumb/v7e-m+fp/hard\libc_nano.a(libc_a-fflush.o) (__sglue)
C:/ST/STM32CubeIDE_1.14.1/STM32CubeIDE/plugins/com.st.stm32cube.ide.mcu.externaltools.gnu-tools-for-stm32.12.3.rel1.win32_1.0.100.202403111256/tools/bin/../lib/gcc/arm-none-eabi/12.3.1/../../../../arm-none-eabi/lib/thumb/v7e-m+fp/hard\libc_nano.a(libc_a-fopen.o)
                              ./hagl/src/hagl.o (fopen)
C:/ST/STM32CubeIDE_1.14.1/STM32CubeIDE/plugins/com.st.stm32cube.ide.mcu.externaltools.gnu-tools-for-stm32.12.3.rel1.win32_1.0.100.202403111256/tools/bin/../lib/gcc/arm-none-eabi/12.3.1/../../../../arm-none-eabi/lib/thumb/v7e-m+fp/hard\libc_nano.a(libc_a-fread.o)
                              ./hagl/src/hagl.o (fread)
C:/ST/STM32CubeIDE_1.14.1/STM32CubeIDE/plugins/com.st.stm32cube.ide.mcu.externaltools.gnu-tools-for-stm32.12.3.rel1.win32_1.0.100.202403111256/tools/bin/../lib/gcc/arm-none-eabi/12.3.1/../../../../arm-none-eabi/lib/thumb/v7e-m+fp/hard\libc_nano.a(libc_a-fseek.o)
[...]
Memory Configuration

Name             Origin             Length             Attributes
RAM              0x20000000         0x00018000         xrw
RAM2             0x10000000         0x00008000         xrw
FLASH            0x08000000         0x00100000         xr
*default*        0x00000000         0xffffffff

Linker script and memory map

LOAD C:/ST/STM32CubeIDE_1.14.1/STM32CubeIDE/plugins/com.st.stm32cube.ide.mcu.externaltools.gnu-tools-for-stm32.12.3.rel1.win32_1.0.100.202403111256/tools/bin/../lib/gcc/arm-none-eabi/12.3.1/thumb/v7e-m+fp/hard/crti.o
LOAD C:/ST/STM32CubeIDE_1.14.1/STM32CubeIDE/plugins/com.st.stm32cube.ide.mcu.externaltools.gnu-tools-for-stm32.12.3.rel1.win32_1.0.100.202403111256/tools/bin/../lib/gcc/arm-none-eabi/12.3.1/thumb/v7e-m+fp/hard/crtbegin.o
LOAD C:/ST/STM32CubeIDE_1.14.1/STM32CubeIDE/plugins/com.st.stm32cube.ide.mcu.externaltools.gnu-tools-for-stm32.12.3.rel1.win32_1.0.100.202403111256/tools/bin/../lib/gcc/arm-none-eabi/12.3.1/../../../../arm-none-eabi/lib/thumb/v7e-m+fp/hard/crt0.o
LOAD ./Core/Src/deform.o
LOAD ./Core/Src/dma.o
LOAD ./Core/Src/gpio.o
LOAD ./Core/Src/lcd.o
LOAD ./Core/Src/logo.o
LOAD ./Core/Src/main.o
LOAD ./Core/Src/metaballs.o
LOAD ./Core/Src/plasma.o
LOAD ./Core/Src/rotozoom.o
LOAD ./Core/Src/spi.o
LOAD ./Core/Src/stm32l4xx_hal_msp.o
LOAD ./Core/Src/stm32l4xx_it.o
LOAD ./Core/Src/syscalls.o
LOAD ./Core/Src/sysmem.o
LOAD ./Core/Src/system_stm32l4xx.o
LOAD ./Core/Startup/startup_stm32l476rgtx.o
LOAD ./Drivers/STM32L4xx_HAL_Driver/Src/stm32l4xx_hal.o
LOAD ./Drivers/STM32L4xx_HAL_Driver/Src/stm32l4xx_hal_cortex.o
LOAD ./Drivers/STM32L4xx_HAL_Driver/Src/stm32l4xx_hal_dma.o
LOAD ./Drivers/STM32L4xx_HAL_Driver/Src/stm32l4xx_hal_dma_ex.o
LOAD ./Drivers/STM32L4xx_HAL_Driver/Src/stm32l4xx_hal_exti.o
LOAD ./Drivers/STM32L4xx_HAL_Driver/Src/stm32l4xx_hal_flash.o
LOAD ./Drivers/STM32L4xx_HAL_Driver/Src/stm32l4xx_hal_flash_ex.o
LOAD ./Drivers/STM32L4xx_HAL_Driver/Src/stm32l4xx_hal_flash_ramfunc.o
LOAD ./Drivers/STM32L4xx_HAL_Driver/Src/stm32l4xx_hal_gpio.o
LOAD ./Drivers/STM32L4xx_HAL_Driver/Src/stm32l4xx_hal_i2c.o
LOAD ./Drivers/STM32L4xx_HAL_Driver/Src/stm32l4xx_hal_i2c_ex.o
LOAD ./Drivers/STM32L4xx_HAL_Driver/Src/stm32l4xx_hal_pwr.o
LOAD ./Drivers/STM32L4xx_HAL_Driver/Src/stm32l4xx_hal_pwr_ex.o
LOAD ./Drivers/STM32L4xx_HAL_Driver/Src/stm32l4xx_hal_rcc.o
LOAD ./Drivers/STM32L4xx_HAL_Driver/Src/stm32l4xx_hal_rcc_ex.o
LOAD ./Drivers/STM32L4xx_HAL_Driver/Src/stm32l4xx_hal_spi.o
LOAD ./Drivers/STM32L4xx_HAL_Driver/Src/stm32l4xx_hal_spi_ex.o
LOAD ./Drivers/STM32L4xx_HAL_Driver/Src/stm32l4xx_hal_tim.o
LOAD ./Drivers/STM32L4xx_HAL_Driver/Src/stm32l4xx_hal_tim_ex.o
LOAD ./hagl/src/bitmap.o
LOAD ./hagl/src/clip.o
LOAD ./hagl/src/fontx.o
LOAD ./hagl/src/hagl.o
LOAD ./hagl/src/hsl.o
LOAD ./hagl/src/rgb565.o
LOAD ./hagl/src/rgb888.o
LOAD ./hagl/src/tjpgd.o
START GROUP
LOAD C:/ST/STM32CubeIDE_1.14.1/STM32CubeIDE/plugins/com.st.stm32cube.ide.mcu.externaltools.gnu-tools-for-stm32.12.3.rel1.win32_1.0.100.202403111256/tools/bin/../lib/gcc/arm-none-eabi/12.3.1/../../../../arm-none-eabi/lib/thumb/v7e-m+fp/hard\libc_nano.a
LOAD C:/ST/STM32CubeIDE_1.14.1/STM32CubeIDE/plugins/com.st.stm32cube.ide.mcu.externaltools.gnu-tools-for-stm32.12.3.rel1.win32_1.0.100.202403111256/tools/bin/../lib/gcc/arm-none-eabi/12.3.1/../../../../arm-none-eabi/lib/thumb/v7e-m+fp/hard\libm.a
END GROUP
START GROUP
LOAD C:/ST/STM32CubeIDE_1.14.1/STM32CubeIDE/plugins/com.st.stm32cube.ide.mcu.externaltools.gnu-tools-for-stm32.12.3.rel1.win32_1.0.100.202403111256/tools/bin/../lib/gcc/arm-none-eabi/12.3.1/thumb/v7e-m+fp/hard\libgcc.a
LOAD C:/ST/STM32CubeIDE_1.14.1/STM32CubeIDE/plugins/com.st.stm32cube.ide.mcu.externaltools.gnu-tools-for-stm32.12.3.rel1.win32_1.0.100.202403111256/tools/bin/../lib/gcc/arm-none-eabi/12.3.1/../../../../arm-none-eabi/lib/thumb/v7e-m+fp/hard\libc_nano.a
END GROUP
START GROUP
LOAD C:/ST/STM32CubeIDE_1.14.1/STM32CubeIDE/plugins/com.st.stm32cube.ide.mcu.externaltools.gnu-tools-for-stm32.12.3.rel1.win32_1.0.100.202403111256/tools/bin/../lib/gcc/arm-none-eabi/12.3.1/thumb/v7e-m+fp/hard\libgcc.a
LOAD C:/ST/STM32CubeIDE_1.14.1/STM32CubeIDE/plugins/com.st.stm32cube.ide.mcu.externaltools.gnu-tools-for-stm32.12.3.rel1.win32_1.0.100.202403111256/tools/bin/../lib/gcc/arm-none-eabi/12.3.1/../../../../arm-none-eabi/lib/thumb/v7e-m+fp/hard\libc_nano.a
LOAD C:/ST/STM32CubeIDE_1.14.1/STM32CubeIDE/plugins/com.st.stm32cube.ide.mcu.externaltools.gnu-tools-for-stm32.12.3.rel1.win32_1.0.100.202403111256/tools/bin/../lib/gcc/arm-none-eabi/12.3.1/../../../../arm-none-eabi/lib/thumb/v7e-m+fp/hard\libnosys.a
END GROUP
START GROUP
LOAD C:/ST/STM32CubeIDE_1.14.1/STM32CubeIDE/plugins/com.st.stm32cube.ide.mcu.externaltools.gnu-tools-for-stm32.12.3.rel1.win32_1.0.100.202403111256/tools/bin/../lib/gcc/arm-none-eabi/12.3.1/thumb/v7e-m+fp/hard\libgcc.a
LOAD C:/ST/STM32CubeIDE_1.14.1/STM32CubeIDE/plugins/com.st.stm32cube.ide.mcu.externaltools.gnu-tools-for-stm32.12.3.rel1.win32_1.0.100.202403111256/tools/bin/../lib/gcc/arm-none-eabi/12.3.1/../../../../arm-none-eabi/lib/thumb/v7e-m+fp/hard\libc_nano.a
LOAD C:/ST/STM32CubeIDE_1.14.1/STM32CubeIDE/plugins/com.st.stm32cube.ide.mcu.externaltools.gnu-tools-for-stm32.12.3.rel1.win32_1.0.100.202403111256/tools/bin/../lib/gcc/arm-none-eabi/12.3.1/../../../../arm-none-eabi/lib/thumb/v7e-m+fp/hard\libnosys.a
END GROUP
LOAD C:/ST/STM32CubeIDE_1.14.1/STM32CubeIDE/plugins/com.st.stm32cube.ide.mcu.externaltools.gnu-tools-for-stm32.12.3.rel1.win32_1.0.100.202403111256/tools/bin/../lib/gcc/arm-none-eabi/12.3.1/thumb/v7e-m+fp/hard/crtend.o
LOAD C:/ST/STM32CubeIDE_1.14.1/STM32CubeIDE/plugins/com.st.stm32cube.ide.mcu.externaltools.gnu-tools-for-stm32.12.3.rel1.win32_1.0.100.202403111256/tools/bin/../lib/gcc/arm-none-eabi/12.3.1/thumb/v7e-m+fp/hard/crtn.o
                0x20018000                        _estack = (ORIGIN (RAM) + LENGTH (RAM))
                0x00000200                        _Min_Heap_Size = 0x200
                0x00002000                        _Min_Stack_Size = 0x2000

.isr_vector     0x08000000      0x188
                0x08000000                        . = ALIGN (0x4)
 *(.isr_vector)
 .isr_vector    0x08000000      0x188 ./Core/Startup/startup_stm32l476rgtx.o
                0x08000000                g_pfnVectors
                0x08000188                        . = ALIGN (0x4)

.text           0x08000188     0x4168
                0x08000188                        . = ALIGN (0x4)
 *(.text)
 .text          0x08000188       0x40 C:/ST/STM32CubeIDE_1.14.1/STM32CubeIDE/plugins/com.st.stm32cube.ide.mcu.externaltools.gnu-tools-for-stm32.12.3.rel1.win32_1.0.100.202403111256/tools/bin/../lib/gcc/arm-none-eabi/12.3.1/thumb/v7e-m+fp/hard/crtbegin.o
 .text          0x080001c8      0x378 C:/ST/STM32CubeIDE_1.14.1/STM32CubeIDE/plugins/com.st.stm32cube.ide.mcu.externaltools.gnu-tools-for-stm32.12.3.rel1.win32_1.0.100.202403111256/tools/bin/../lib/gcc/arm-none-eabi/12.3.1/thumb/v7e-m+fp/hard\libgcc.a(_arm_addsubdf3.o)
                0x080001c8                __aeabi_drsub
                0x080001d0                __aeabi_dsub
                0x080001d0                __subdf3
                0x080001d4                __aeabi_dadd
                0x080001d4                __adddf3
                0x0800044c                __floatunsidf
                0x0800044c                __aeabi_ui2d
                0x0800046c                __floatsidf
                0x0800046c                __aeabi_i2d
                0x08000490                __aeabi_f2d
                0x08000490                __extendsfdf2
                0x080004d4                __floatundidf
                0x080004d4                __aeabi_ul2d
                0x080004e4                __floatdidf
                0x080004e4                __aeabi_l2d
 .text          0x08000540      0x424 C:/ST/STM32CubeIDE_1.14.1/STM32CubeIDE/plugins/com.st.stm32cube.ide.mcu.externaltools.gnu-tools-for-stm32.12.3.rel1.win32_1.0.100.202403111256/tools/bin/../lib/gcc/arm-none-eabi/12.3.1/thumb/v7e-m+fp/hard\libgcc.a(_arm_muldivdf3.o)
                0x08000540                __aeabi_dmul
                0x08000540                __muldf3
                0x08000794                __divdf3
                0x08000794                __aeabi_ddiv
 .text          0x08000964      0x110 C:/ST/STM32CubeIDE_1.14.1/STM32CubeIDE/plugins/com.st.stm32cube.ide.mcu.externaltools.gnu-tools-for-stm32.12.3.rel1.win32_1.0.100.202403111256/tools/bin/../lib/gcc/arm-none-eabi/12.3.1/thumb/v7e-m+fp/hard\libgcc.a(_arm_cmpdf2.o)
                0x08000964                __gtdf2
                0x08000964                __gedf2
                0x0800096c                __ltdf2
                0x0800096c                __ledf2
                0x08000974                __nedf2
                0x08000974                __eqdf2
                0x08000974                __cmpdf2
                0x080009f0                __aeabi_cdrcmple
                0x08000a00                __aeabi_cdcmpeq
                0x08000a00                __aeabi_cdcmple
                0x08000a10                __aeabi_dcmpeq
                0x08000a24                __aeabi_dcmplt
                0x08000a38                __aeabi_dcmple
                0x08000a4c                __aeabi_dcmpge
                0x08000a60                __aeabi_dcmpgt
 .text          0x08000a74       0x2c C:/ST/STM32CubeIDE_1.14.1/STM32CubeIDE/plugins/com.st.stm32cube.ide.mcu.externaltools.gnu-tools-for-stm32.12.3.rel1.win32_1.0.100.202403111256/tools/bin/../lib/gcc/arm-none-eabi/12.3.1/thumb/v7e-m+fp/hard\libgcc.a(_arm_unorddf2.o)
                0x08000a74                __unorddf2
                0x08000a74                __aeabi_dcmpun
 .text          0x08000aa0       0x50 C:/ST/STM32CubeIDE_1.14.1/STM32CubeIDE/plugins/com.st.stm32cube.ide.mcu.externaltools.gnu-tools-for-stm32.12.3.rel1.win32_1.0.100.202403111256/tools/bin/../lib/gcc/arm-none-eabi/12.3.1/thumb/v7e-m+fp/hard\libgcc.a(_arm_fixdfsi.o)
                0x08000aa0                __aeabi_d2iz
                0x08000aa0                __fixdfsi
 .text          0x08000af0       0x40 C:/ST/STM32CubeIDE_1.14.1/STM32CubeIDE/plugins/com.st.stm32cube.ide.mcu.externaltools.gnu-tools-for-stm32.12.3.rel1.win32_1.0.100.202403111256/tools/bin/../lib/gcc/arm-none-eabi/12.3.1/thumb/v7e-m+fp/hard\libgcc.a(_arm_fixunsdfsi.o)
                0x08000af0                __aeabi_d2uiz
                0x08000af0                __fixunsdfsi
 .text          0x08000b30       0xa0 C:/ST/STM32CubeIDE_1.14.1/STM32CubeIDE/plugins/com.st.stm32cube.ide.mcu.externaltools.gnu-tools-for-stm32.12.3.rel1.win32_1.0.100.202403111256/tools/bin/../lib/gcc/arm-none-eabi/12.3.1/thumb/v7e-m+fp/hard\libgcc.a(_arm_truncdfsf2.o)
                0x08000b30                __truncdfsf2
                0x08000b30                __aeabi_d2f
 *(.text*)
 .text.MX_DMA_Init
                0x08000bd0       0x30 ./Core/Src/dma.o
                0x08000bd0                MX_DMA_Init
 .text.MX_GPIO_Init
                0x08000c00       0x84 ./Core/Src/gpio.o
                0x08000c00                MX_GPIO_Init
 .text.lcd_data
                0x08000c84       0x48 ./Core/Src/lcd.o
 .text.lcd_data16
                0x08000ccc       0x14 ./Core/Src/lcd.o
 .text.lcd_cmd  0x08000ce0       0x48 ./Core/Src/lcd.o
 .text.lcd_init
                0x08000d28       0x64 ./Core/Src/lcd.o
                0x08000d28                lcd_init
 .text.lcd_put_pixel
                0x08000d8c       0x14 ./Core/Src/lcd.o
                0x08000d8c                lcd_put_pixel
 .text.lcd_copy
                0x08000da0       0x64 ./Core/Src/lcd.o
                0x08000da0                lcd_copy
 .text.lcd_transfer_done
                0x08000e04       0x10 ./Core/Src/lcd.o
                0x08000e04                lcd_transfer_done
 .text.lcd_is_busy
                0x08000e14       0x14 ./Core/Src/lcd.o
                0x08000e14                lcd_is_busy
 .text.HAL_SPI_TxCpltCallback
                0x08000e28       0x10 ./Core/Src/main.o
                0x08000e28                HAL_SPI_TxCpltCallback
 .text.SystemClock_Config
                0x08000e38       0x76 ./Core/Src/main.o
                0x08000e38                SystemClock_Config
 *fill*         0x08000eae        0x2 
 .text.startup.main
                0x08000eb0       0x90 ./Core/Src/main.o
                0x08000eb0                main
 .text.Error_Handler
                0x08000f40        0x4 ./Core/Src/main.o
                0x08000f40                Error_Handler
 *fill*         0x08000f44        0x4 
 .text.plasma_init
                0x08000f48      0x20c ./Core/Src/plasma.o
                0x08000f48                plasma_init
 .text.plasma_render
                0x08001154       0x58 ./Core/Src/plasma.o
                0x08001154                plasma_render
 .text.plasma_animate
                0x080011ac       0x24 ./Core/Src/plasma.o
                0x080011ac                plasma_animate
 .text.MX_SPI2_Init
                0x080011d0       0x4c ./Core/Src/spi.o
                0x080011d0                MX_SPI2_Init
 .text.HAL_SPI_MspInit
                0x0800121c       0xc8 ./Core/Src/spi.o
                0x0800121c                HAL_SPI_MspInit
 .text.HAL_MspInit
                0x080012e4       0x30 ./Core/Src/stm32l4xx_hal_msp.o
                0x080012e4                HAL_MspInit
 .text.NMI_Handler
                0x08001314        0x2 ./Core/Src/stm32l4xx_it.o
                0x08001314                NMI_Handler
 .text.HardFault_Handler
                0x08001316        0x2 ./Core/Src/stm32l4xx_it.o
                0x08001316                HardFault_Handler
 .text.MemManage_Handler
                0x08001318        0x2 ./Core/Src/stm32l4xx_it.o
                0x08001318                MemManage_Handler
 .text.BusFault_Handler
                0x0800131a        0x2 ./Core/Src/stm32l4xx_it.o
                0x0800131a                BusFault_Handler
 .text.UsageFault_Handler
                0x0800131c        0x2 ./Core/Src/stm32l4xx_it.o
                0x0800131c                UsageFault_Handler
 .text.SVC_Handler
                0x0800131e        0x2 ./Core/Src/stm32l4xx_it.o
                0x0800131e                SVC_Handler
 .text.DebugMon_Handler
                0x08001320        0x2 ./Core/Src/stm32l4xx_it.o
                0x08001320                DebugMon_Handler
 .text.PendSV_Handler
                0x08001322        0x2 ./Core/Src/stm32l4xx_it.o
                0x08001322                PendSV_Handler
 .text.SysTick_Handler
                0x08001324        0x4 ./Core/Src/stm32l4xx_it.o
                0x08001324                SysTick_Handler
 .text.DMA1_Channel5_IRQHandler
                0x08001328        0xc ./Core/Src/stm32l4xx_it.o
                0x08001328                DMA1_Channel5_IRQHandler
 .text._sbrk    0x08001334       0x40 ./Core/Src/sysmem.o
                0x08001334                _sbrk
 .text.SystemInit
                0x08001374       0x14 ./Core/Src/system_stm32l4xx.o
                0x08001374                SystemInit
 .text.Reset_Handler
                0x08001388       0x50 ./Core/Startup/startup_stm32l476rgtx.o
                0x08001388                Reset_Handler
 .text.Default_Handler
                0x080013d8        0x2 ./Core/Startup/startup_stm32l476rgtx.o
                0x080013d8                RTC_Alarm_IRQHandler
                0x080013d8                EXTI2_IRQHandler
                0x080013d8                TIM8_TRG_COM_IRQHandler
                0x080013d8                TIM8_CC_IRQHandler
                0x080013d8                TIM1_CC_IRQHandler
                0x080013d8                TSC_IRQHandler
                0x080013d8                TAMP_STAMP_IRQHandler
                0x080013d8                EXTI3_IRQHandler
                0x080013d8                LPTIM2_IRQHandler
                0x080013d8                DFSDM1_FLT1_IRQHandler
                0x080013d8                I2C3_ER_IRQHandler
                0x080013d8                DFSDM1_FLT2_IRQHandler
                0x080013d8                EXTI0_IRQHandler
                0x080013d8                I2C2_EV_IRQHandler
                0x080013d8                CAN1_RX0_IRQHandler
                0x080013d8                FPU_IRQHandler
                0x080013d8                TIM1_UP_TIM16_IRQHandler
                0x080013d8                ADC1_2_IRQHandler
                0x080013d8                SPI1_IRQHandler
                0x080013d8                TIM6_DAC_IRQHandler
                0x080013d8                TIM8_UP_IRQHandler
                0x080013d8                DMA2_Channel2_IRQHandler
                0x080013d8                DMA1_Channel4_IRQHandler
                0x080013d8                SAI2_IRQHandler
                0x080013d8                DFSDM1_FLT3_IRQHandler
                0x080013d8                USART3_IRQHandler
                0x080013d8                DMA1_Channel7_IRQHandler
                0x080013d8                CAN1_RX1_IRQHandler
                0x080013d8                LCD_IRQHandler
                0x080013d8                UART5_IRQHandler
                0x080013d8                ADC3_IRQHandler
                0x080013d8                TIM4_IRQHandler
                0x080013d8                DMA2_Channel1_IRQHandler
                0x080013d8                QUADSPI_IRQHandler
                0x080013d8                I2C1_EV_IRQHandler
                0x080013d8                DMA1_Channel6_IRQHandler
                0x080013d8                UART4_IRQHandler
                0x080013d8                DMA2_Channel4_IRQHandler
                0x080013d8                TIM3_IRQHandler
                0x080013d8                RCC_IRQHandler
                0x080013d8                DMA1_Channel1_IRQHandler
                0x080013d8                Default_Handler
                0x080013d8                DMA2_Channel7_IRQHandler
                0x080013d8                EXTI15_10_IRQHandler
                0x080013d8                TIM7_IRQHandler
                0x080013d8                SDMMC1_IRQHandler
                0x080013d8                TIM5_IRQHandler
                0x080013d8                I2C3_EV_IRQHandler
                0x080013d8                EXTI9_5_IRQHandler
                0x080013d8                RTC_WKUP_IRQHandler
                0x080013d8                PVD_PVM_IRQHandler
                0x080013d8                SPI2_IRQHandler
                0x080013d8                CAN1_TX_IRQHandler
                0x080013d8                DMA2_Channel5_IRQHandler
                0x080013d8                EXTI4_IRQHandler
                0x080013d8                RNG_IRQHandler
                0x080013d8                TIM1_TRG_COM_TIM17_IRQHandler
                0x080013d8                DMA1_Channel3_IRQHandler
                0x080013d8                COMP_IRQHandler
                0x080013d8                WWDG_IRQHandler
                0x080013d8                LPUART1_IRQHandler
                0x080013d8                DMA2_Channel6_IRQHandler
                0x080013d8                TIM2_IRQHandler
                0x080013d8                EXTI1_IRQHandler
                0x080013d8                USART2_IRQHandler
                0x080013d8                DFSDM1_FLT0_IRQHandler
                0x080013d8                I2C2_ER_IRQHandler
                0x080013d8                DMA1_Channel2_IRQHandler
                0x080013d8                TIM8_BRK_IRQHandler
                0x080013d8                CAN1_SCE_IRQHandler
                0x080013d8                FLASH_IRQHandler
                0x080013d8                USART1_IRQHandler
                0x080013d8                OTG_FS_IRQHandler
                0x080013d8                SPI3_IRQHandler
                0x080013d8                I2C1_ER_IRQHandler
                0x080013d8                FMC_IRQHandler
                0x080013d8                SWPMI1_IRQHandler
                0x080013d8                LPTIM1_IRQHandler
                0x080013d8                SAI1_IRQHandler
                0x080013d8                DMA2_Channel3_IRQHandler
                0x080013d8                TIM1_BRK_TIM15_IRQHandler
 *fill*         0x080013da        0x2 
 .text.HAL_InitTick
                0x080013dc       0x4c ./Drivers/STM32L4xx_HAL_Driver/Src/stm32l4xx_hal.o
                0x080013dc                HAL_InitTick
 .text.HAL_Init
                0x08001428       0x1e ./Drivers/STM32L4xx_HAL_Driver/Src/stm32l4xx_hal.o
                0x08001428                HAL_Init
 *fill*         0x08001446        0x2 
 .text.HAL_IncTick
                0x08001448       0x18 ./Drivers/STM32L4xx_HAL_Driver/Src/stm32l4xx_hal.o
                0x08001448                HAL_IncTick
 .text.HAL_GetTick
                0x08001460        0xc ./Drivers/STM32L4xx_HAL_Driver/Src/stm32l4xx_hal.o
                0x08001460                HAL_GetTick
 .text.HAL_Delay
                0x0800146c       0x28 ./Drivers/STM32L4xx_HAL_Driver/Src/stm32l4xx_hal.o
                0x0800146c                HAL_Delay
 .text.HAL_NVIC_SetPriorityGrouping
                0x08001494       0x24 ./Drivers/STM32L4xx_HAL_Driver/Src/stm32l4xx_hal_cortex.o
                0x08001494                HAL_NVIC_SetPriorityGrouping
 .text.HAL_NVIC_SetPriority
                0x080014b8       0x64 ./Drivers/STM32L4xx_HAL_Driver/Src/stm32l4xx_hal_cortex.o
                0x080014b8                HAL_NVIC_SetPriority
 .text.HAL_NVIC_EnableIRQ
                0x0800151c       0x1c ./Drivers/STM32L4xx_HAL_Driver/Src/stm32l4xx_hal_cortex.o
                0x0800151c                HAL_NVIC_EnableIRQ
 .text.HAL_SYSTICK_Config
                0x08001538       0x28 ./Drivers/STM32L4xx_HAL_Driver/Src/stm32l4xx_hal_cortex.o
                0x08001538                HAL_SYSTICK_Config
 .text.HAL_DMA_Init
                0x08001560       0xd0 ./Drivers/STM32L4xx_HAL_Driver/Src/stm32l4xx_hal_dma.o
                0x08001560                HAL_DMA_Init
 .text.HAL_DMA_Start_IT
                0x08001630       0x7c ./Drivers/STM32L4xx_HAL_Driver/Src/stm32l4xx_hal_dma.o
                0x08001630                HAL_DMA_Start_IT
 .text.HAL_DMA_IRQHandler
                0x080016ac       0x94 ./Drivers/STM32L4xx_HAL_Driver/Src/stm32l4xx_hal_dma.o
                0x080016ac                HAL_DMA_IRQHandler
 .text.HAL_GPIO_Init
                0x08001740      0x1b4 ./Drivers/STM32L4xx_HAL_Driver/Src/stm32l4xx_hal_gpio.o
                0x08001740                HAL_GPIO_Init
 .text.HAL_GPIO_WritePin
                0x080018f4        0xa ./Drivers/STM32L4xx_HAL_Driver/Src/stm32l4xx_hal_gpio.o
                0x080018f4                HAL_GPIO_WritePin
 *fill*         0x080018fe        0x2 
 .text.HAL_PWREx_GetVoltageRange
                0x08001900       0x10 ./Drivers/STM32L4xx_HAL_Driver/Src/stm32l4xx_hal_pwr_ex.o
                0x08001900                HAL_PWREx_GetVoltageRange
 .text.HAL_PWREx_ControlVoltageScaling
                0x08001910       0x6c ./Drivers/STM32L4xx_HAL_Driver/Src/stm32l4xx_hal_pwr_ex.o
                0x08001910                HAL_PWREx_ControlVoltageScaling
 .text.RCC_SetFlashLatencyFromMSIRange
                0x0800197c       0x84 ./Drivers/STM32L4xx_HAL_Driver/Src/stm32l4xx_hal_rcc.o
 .text.HAL_RCC_GetSysClockFreq
                0x08001a00       0x9c ./Drivers/STM32L4xx_HAL_Driver/Src/stm32l4xx_hal_rcc.o
                0x08001a00                HAL_RCC_GetSysClockFreq
 .text.HAL_RCC_OscConfig
                0x08001a9c      0x4fc ./Drivers/STM32L4xx_HAL_Driver/Src/stm32l4xx_hal_rcc.o
                0x08001a9c                HAL_RCC_OscConfig
 .text.HAL_RCC_ClockConfig
                0x08001f98      0x154 ./Drivers/STM32L4xx_HAL_Driver/Src/stm32l4xx_hal_rcc.o
                0x08001f98                HAL_RCC_ClockConfig
 .text.SPI_WaitFlagStateUntilTimeout.constprop.0
                0x080020ec       0xa4 ./Drivers/STM32L4xx_HAL_Driver/Src/stm32l4xx_hal_spi.o
 .text.SPI_WaitFifoStateUntilTimeout.constprop.0
                0x08002190       0xc8 ./Drivers/STM32L4xx_HAL_Driver/Src/stm32l4xx_hal_spi.o
 .text.SPI_EndRxTxTransaction
                0x08002258       0x44 ./Drivers/STM32L4xx_HAL_Driver/Src/stm32l4xx_hal_spi.o
 .text.HAL_SPI_Init
                0x0800229c       0xd4 ./Drivers/STM32L4xx_HAL_Driver/Src/stm32l4xx_hal_spi.o
                0x0800229c                HAL_SPI_Init
 .text.HAL_SPI_Transmit
                0x08002370      0x194 ./Drivers/STM32L4xx_HAL_Driver/Src/stm32l4xx_hal_spi.o
                0x08002370                HAL_SPI_Transmit
 .text.HAL_SPI_Transmit_DMA
                0x08002504      0x104 ./Drivers/STM32L4xx_HAL_Driver/Src/stm32l4xx_hal_spi.o
                0x08002504                HAL_SPI_Transmit_DMA
 .text.HAL_SPI_TxHalfCpltCallback
                0x08002608        0x2 ./Drivers/STM32L4xx_HAL_Driver/Src/stm32l4xx_hal_spi.o
                0x08002608                HAL_SPI_TxHalfCpltCallback
 .text.SPI_DMAHalfTransmitCplt
                0x0800260a        0xa ./Drivers/STM32L4xx_HAL_Driver/Src/stm32l4xx_hal_spi.o
 .text.HAL_SPI_ErrorCallback
                0x08002614        0x2 ./Drivers/STM32L4xx_HAL_Driver/Src/stm32l4xx_hal_spi.o
                0x08002614                HAL_SPI_ErrorCallback
 .text.SPI_DMAError
                0x08002616       0x22 ./Drivers/STM32L4xx_HAL_Driver/Src/stm32l4xx_hal_spi.o
 .text.SPI_DMATransmitCplt
                0x08002638       0x6a ./Drivers/STM32L4xx_HAL_Driver/Src/stm32l4xx_hal_spi.o
 .text.HAL_SPI_GetState
                0x080026a2        0x6 ./Drivers/STM32L4xx_HAL_Driver/Src/stm32l4xx_hal_spi.o
                0x080026a2                HAL_SPI_GetState
 .text.bitmap_init
                0x080026a8       0x18 ./hagl/src/bitmap.o
                0x080026a8                bitmap_init
 .text.clip_line
                0x080026c0      0x1f0 ./hagl/src/clip.o
                0x080026c0                clip_line
 .text.fontx_meta
                0x080028b0       0x1c ./hagl/src/fontx.o
                0x080028b0                fontx_meta
 .text.fontx_glyph
                0x080028cc       0xa0 ./hagl/src/fontx.o
                0x080028cc                fontx_glyph
 .text.hagl_put_pixel
                0x0800296c       0x2c ./hagl/src/hagl.o
                0x0800296c                hagl_put_pixel
 .text.hagl_draw_line
                0x08002998       0xec ./hagl/src/hagl.o
                0x08002998                hagl_draw_line
 .text.hagl_draw_hline
                0x08002a84       0x14 ./hagl/src/hagl.o
                0x08002a84                hagl_draw_hline
 .text.hagl_draw_vline
                0x08002a98       0x14 ./hagl/src/hagl.o
                0x08002a98                hagl_draw_vline
 .text.hagl_fill_rectangle
                0x08002aac       0x88 ./hagl/src/hagl.o
                0x08002aac                hagl_fill_rectangle
 .text.hagl_blit
                0x08002b34       0x46 ./hagl/src/hagl.o
                0x08002b34                hagl_blit
 .text.hagl_put_char
                0x08002b7a       0xac ./hagl/src/hagl.o
                0x08002b7a                hagl_put_char
 .text.hagl_put_text
                0x08002c26       0x5c ./hagl/src/hagl.o
                0x08002c26                hagl_put_text
 *fill*         0x08002c82        0x2 
 .text.hagl_draw_rounded_rectangle
                0x08002c84      0x1d0 ./hagl/src/hagl.o
                0x08002c84                hagl_draw_rounded_rectangle
 .text.hagl_color
                0x08002e54        0x4 ./hagl/src/hagl.o
                0x08002e54                hagl_color
 .text.rgb565   0x08002e58       0x1c ./hagl/src/rgb565.o
                0x08002e58                rgb565
 .text.malloc   0x08002e74       0x10 C:/ST/STM32CubeIDE_1.14.1/STM32CubeIDE/plugins/com.st.stm32cube.ide.mcu.externaltools.gnu-tools-for-stm32.12.3.rel1.win32_1.0.100.202403111256/tools/bin/../lib/gcc/arm-none-eabi/12.3.1/../../../../arm-none-eabi/lib/thumb/v7e-m+fp/hard\libc_nano.a(libc_a-malloc.o)
                0x08002e74                malloc
 .text.sbrk_aligned
                0x08002e84       0x44 C:/ST/STM32CubeIDE_1.14.1/STM32CubeIDE/plugins/com.st.stm32cube.ide.mcu.externaltools.gnu-tools-for-stm32.12.3.rel1.win32_1.0.100.202403111256/tools/bin/../lib/gcc/arm-none-eabi/12.3.1/../../../../arm-none-eabi/lib/thumb/v7e-m+fp/hard\libc_nano.a(libc_a-mallocr.o)
 .text._malloc_r
                0x08002ec8      0x100 C:/ST/STM32CubeIDE_1.14.1/STM32CubeIDE/plugins/com.st.stm32cube.ide.mcu.externaltools.gnu-tools-for-stm32.12.3.rel1.win32_1.0.100.202403111256/tools/bin/../lib/gcc/arm-none-eabi/12.3.1/../../../../arm-none-eabi/lib/thumb/v7e-m+fp/hard\libc_nano.a(libc_a-mallocr.o)
                0x08002ec8                _malloc_r
 .text.__malloc_lock
                0x08002fc8        0xc C:/ST/STM32CubeIDE_1.14.1/STM32CubeIDE/plugins/com.st.stm32cube.ide.mcu.externaltools.gnu-tools-for-stm32.12.3.rel1.win32_1.0.100.202403111256/tools/bin/../lib/gcc/arm-none-eabi/12.3.1/../../../../arm-none-eabi/lib/thumb/v7e-m+fp/hard\libc_nano.a(libc_a-mlock.o)
                0x08002fc8                __malloc_lock
 .text.__malloc_unlock
                0x08002fd4        0xc C:/ST/STM32CubeIDE_1.14.1/STM32CubeIDE/plugins/com.st.stm32cube.ide.mcu.externaltools.gnu-tools-for-stm32.12.3.rel1.win32_1.0.100.202403111256/tools/bin/../lib/gcc/arm-none-eabi/12.3.1/../../../../arm-none-eabi/lib/thumb/v7e-m+fp/hard\libc_nano.a(libc_a-mlock.o)
                0x08002fd4                __malloc_unlock
 .text.memset   0x08002fe0       0x10 C:/ST/STM32CubeIDE_1.14.1/STM32CubeIDE/plugins/com.st.stm32cube.ide.mcu.externaltools.gnu-tools-for-stm32.12.3.rel1.win32_1.0.100.202403111256/tools/bin/../lib/gcc/arm-none-eabi/12.3.1/../../../../arm-none-eabi/lib/thumb/v7e-m+fp/hard\libc_nano.a(libc_a-memset.o)
                0x08002fe0                memset
 .text._sbrk_r  0x08002ff0       0x20 C:/ST/STM32CubeIDE_1.14.1/STM32CubeIDE/plugins/com.st.stm32cube.ide.mcu.externaltools.gnu-tools-for-stm32.12.3.rel1.win32_1.0.100.202403111256/tools/bin/../lib/gcc/arm-none-eabi/12.3.1/../../../../arm-none-eabi/lib/thumb/v7e-m+fp/hard\libc_nano.a(libc_a-sbrkr.o)
                0x08002ff0                _sbrk_r
 .text.__errno  0x08003010        0xc C:/ST/STM32CubeIDE_1.14.1/STM32CubeIDE/plugins/com.st.stm32cube.ide.mcu.externaltools.gnu-tools-for-stm32.12.3.rel1.win32_1.0.100.202403111256/tools/bin/../lib/gcc/arm-none-eabi/12.3.1/../../../../arm-none-eabi/lib/thumb/v7e-m+fp/hard\libc_nano.a(libc_a-errno.o)
                0x08003010                __errno
 .text.__libc_init_array
                0x0800301c       0x48 C:/ST/STM32CubeIDE_1.14.1/STM32CubeIDE/plugins/com.st.stm32cube.ide.mcu.externaltools.gnu-tools-for-stm32.12.3.rel1.win32_1.0.100.202403111256/tools/bin/../lib/gcc/arm-none-eabi/12.3.1/../../../../arm-none-eabi/lib/thumb/v7e-m+fp/hard\libc_nano.a(libc_a-init.o)
                0x0800301c                __libc_init_array
 .text.__retarget_lock_acquire_recursive
                0x08003064        0x2 C:/ST/STM32CubeIDE_1.14.1/STM32CubeIDE/plugins/com.st.stm32cube.ide.mcu.externaltools.gnu-tools-for-stm32.12.3.rel1.win32_1.0.100.202403111256/tools/bin/../lib/gcc/arm-none-eabi/12.3.1/../../../../arm-none-eabi/lib/thumb/v7e-m+fp/hard\libc_nano.a(libc_a-lock.o)
                0x08003064                __retarget_lock_acquire_recursive
 .text.__retarget_lock_release_recursive
                0x08003066        0x2 C:/ST/STM32CubeIDE_1.14.1/STM32CubeIDE/plugins/com.st.stm32cube.ide.mcu.externaltools.gnu-tools-for-stm32.12.3.rel1.win32_1.0.100.202403111256/tools/bin/../lib/gcc/arm-none-eabi/12.3.1/../../../../arm-none-eabi/lib/thumb/v7e-m+fp/hard\libc_nano.a(libc_a-lock.o)
                0x08003066                __retarget_lock_release_recursive
 .text.sqrt     0x08003068       0x58 C:/ST/STM32CubeIDE_1.14.1/STM32CubeIDE/plugins/com.st.stm32cube.ide.mcu.externaltools.gnu-tools-for-stm32.12.3.rel1.win32_1.0.100.202403111256/tools/bin/../lib/gcc/arm-none-eabi/12.3.1/../../../../arm-none-eabi/lib/thumb/v7e-m+fp/hard\libm.a(libm_a-w_sqrt.o)
                0x08003068                sqrt
 .text.sin      0x080030c0       0xa8 C:/ST/STM32CubeIDE_1.14.1/STM32CubeIDE/plugins/com.st.stm32cube.ide.mcu.externaltools.gnu-tools-for-stm32.12.3.rel1.win32_1.0.100.202403111256/tools/bin/../lib/gcc/arm-none-eabi/12.3.1/../../../../arm-none-eabi/lib/thumb/v7e-m+fp/hard\libm.a(libm_a-s_sin.o)
                0x080030c0                sin
 .text.__ieee754_sqrt
                0x08003168      0x1b4 C:/ST/STM32CubeIDE_1.14.1/STM32CubeIDE/plugins/com.st.stm32cube.ide.mcu.externaltools.gnu-tools-for-stm32.12.3.rel1.win32_1.0.100.202403111256/tools/bin/../lib/gcc/arm-none-eabi/12.3.1/../../../../arm-none-eabi/lib/thumb/v7e-m+fp/hard\libm.a(libm_a-e_sqrt.o)
                0x08003168                __ieee754_sqrt
 *fill*         0x0800331c        0x4 
 .text.__kernel_cos
                0x08003320      0x18c C:/ST/STM32CubeIDE_1.14.1/STM32CubeIDE/plugins/com.st.stm32cube.ide.mcu.externaltools.gnu-tools-for-stm32.12.3.rel1.win32_1.0.100.202403111256/tools/bin/../lib/gcc/arm-none-eabi/12.3.1/../../../../arm-none-eabi/lib/thumb/v7e-m+fp/hard\libm.a(libm_a-k_cos.o)
                0x08003320                __kernel_cos
 *fill*         0x080034ac        0x4 
 .text.__kernel_sin
                0x080034b0      0x174 C:/ST/STM32CubeIDE_1.14.1/STM32CubeIDE/plugins/com.st.stm32cube.ide.mcu.externaltools.gnu-tools-for-stm32.12.3.rel1.win32_1.0.100.202403111256/tools/bin/../lib/gcc/arm-none-eabi/12.3.1/../../../../arm-none-eabi/lib/thumb/v7e-m+fp/hard\libm.a(libm_a-k_sin.o)
                0x080034b0                __kernel_sin
 *fill*         0x08003624        0x4 
 .text.__ieee754_rem_pio2
                0x08003628      0x3f8 C:/ST/STM32CubeIDE_1.14.1/STM32CubeIDE/plugins/com.st.stm32cube.ide.mcu.externaltools.gnu-tools-for-stm32.12.3.rel1.win32_1.0.100.202403111256/tools/bin/../lib/gcc/arm-none-eabi/12.3.1/../../../../arm-none-eabi/lib/thumb/v7e-m+fp/hard\libm.a(libm_a-e_rem_pio2.o)
                0x08003628                __ieee754_rem_pio2
 .text.fabs     0x08003a20       0x10 C:/ST/STM32CubeIDE_1.14.1/STM32CubeIDE/plugins/com.st.stm32cube.ide.mcu.externaltools.gnu-tools-for-stm32.12.3.rel1.win32_1.0.100.202403111256/tools/bin/../lib/gcc/arm-none-eabi/12.3.1/../../../../arm-none-eabi/lib/thumb/v7e-m+fp/hard\libm.a(libm_a-s_fabs.o)
                0x08003a20                fabs
 .text.__kernel_rem_pio2
                0x08003a30      0x6b0 C:/ST/STM32CubeIDE_1.14.1/STM32CubeIDE/plugins/com.st.stm32cube.ide.mcu.externaltools.gnu-tools-for-stm32.12.3.rel1.win32_1.0.100.202403111256/tools/bin/../lib/gcc/arm-none-eabi/12.3.1/../../../../arm-none-eabi/lib/thumb/v7e-m+fp/hard\libm.a(libm_a-k_rem_pio2.o)
                0x08003a30                __kernel_rem_pio2
 .text.scalbn   0x080040e0       0xfc C:/ST/STM32CubeIDE_1.14.1/STM32CubeIDE/plugins/com.st.stm32cube.ide.mcu.externaltools.gnu-tools-for-stm32.12.3.rel1.win32_1.0.100.202403111256/tools/bin/../lib/gcc/arm-none-eabi/12.3.1/../../../../arm-none-eabi/lib/thumb/v7e-m+fp/hard\libm.a(libm_a-s_scalbn.o)
                0x080040e0                scalbn
 *fill*         0x080041dc        0x4 
 .text.floor    0x080041e0       0xf8 C:/ST/STM32CubeIDE_1.14.1/STM32CubeIDE/plugins/com.st.stm32cube.ide.mcu.externaltools.gnu-tools-for-stm32.12.3.rel1.win32_1.0.100.202403111256/tools/bin/../lib/gcc/arm-none-eabi/12.3.1/../../../../arm-none-eabi/lib/thumb/v7e-m+fp/hard\libm.a(libm_a-s_floor.o)
                0x080041e0                floor
 *(.glue_7)
 .glue_7        0x080042d8        0x0 linker stubs
 *(.glue_7t)
 .glue_7t       0x080042d8        0x0 linker stubs
 *(.eh_frame)
 .eh_frame      0x080042d8        0x0 C:/ST/STM32CubeIDE_1.14.1/STM32CubeIDE/plugins/com.st.stm32cube.ide.mcu.externaltools.gnu-tools-for-stm32.12.3.rel1.win32_1.0.100.202403111256/tools/bin/../lib/gcc/arm-none-eabi/12.3.1/thumb/v7e-m+fp/hard/crtbegin.o
 *(.init)
 .init          0x080042d8        0x4 C:/ST/STM32CubeIDE_1.14.1/STM32CubeIDE/plugins/com.st.stm32cube.ide.mcu.externaltools.gnu-tools-for-stm32.12.3.rel1.win32_1.0.100.202403111256/tools/bin/../lib/gcc/arm-none-eabi/12.3.1/thumb/v7e-m+fp/hard/crti.o
                0x080042d8                _init
 .init          0x080042dc        0x8 C:/ST/STM32CubeIDE_1.14.1/STM32CubeIDE/plugins/com.st.stm32cube.ide.mcu.externaltools.gnu-tools-for-stm32.12.3.rel1.win32_1.0.100.202403111256/tools/bin/../lib/gcc/arm-none-eabi/12.3.1/thumb/v7e-m+fp/hard/crtn.o
 *(.fini)
 .fini          0x080042e4        0x4 C:/ST/STM32CubeIDE_1.14.1/STM32CubeIDE/plugins/com.st.stm32cube.ide.mcu.externaltools.gnu-tools-for-stm32.12.3.rel1.win32_1.0.100.202403111256/tools/bin/../lib/gcc/arm-none-eabi/12.3.1/thumb/v7e-m+fp/hard/crti.o
                0x080042e4                _fini
 .fini          0x080042e8        0x8 C:/ST/STM32CubeIDE_1.14.1/STM32CubeIDE/plugins/com.st.stm32cube.ide.mcu.externaltools.gnu-tools-for-stm32.12.3.rel1.win32_1.0.100.202403111256/tools/bin/../lib/gcc/arm-none-eabi/12.3.1/thumb/v7e-m+fp/hard/crtn.o
                0x080042f0                        . = ALIGN (0x4)
                0x080042f0                        _etext = .

.vfp11_veneer   0x080042f0        0x0
 .vfp11_veneer  0x080042f0        0x0 linker stubs

.v4_bx          0x080042f0        0x0
 .v4_bx         0x080042f0        0x0 linker stubs

.iplt           0x080042f0        0x0
 .iplt          0x080042f0        0x0 C:/ST/STM32CubeIDE_1.14.1/STM32CubeIDE/plugins/com.st.stm32cube.ide.mcu.externaltools.gnu-tools-for-stm32.12.3.rel1.win32_1.0.100.202403111256/tools/bin/../lib/gcc/arm-none-eabi/12.3.1/thumb/v7e-m+fp/hard/crtbegin.o

.rodata         0x080042f0     0x32a0
                0x080042f0                        . = ALIGN (0x4)
 *(.rodata)
 *(.rodata*)
 .rodata.init_table
                0x080042f0       0x98 ./Core/Src/lcd.o
 .rodata.main.str4.4
                0x08004388       0x38 ./Core/Src/main.o
 .rodata.font6x9
                0x080043c0     0x2fb5 ./Core/Src/main.o
                0x080043c0                font6x9
 *fill*         0x08007375        0x3 
 .rodata.MSIRangeTable
                0x08007378       0x30 ./Core/Src/system_stm32l4xx.o
                0x08007378                MSIRangeTable
 .rodata.AHBPrescTable
                0x080073a8       0x10 ./Core/Src/system_stm32l4xx.o
                0x080073a8                AHBPrescTable
 .rodata.npio2_hw
                0x080073b8       0x80 C:/ST/STM32CubeIDE_1.14.1/STM32CubeIDE/plugins/com.st.stm32cube.ide.mcu.externaltools.gnu-tools-for-stm32.12.3.rel1.win32_1.0.100.202403111256/tools/bin/../lib/gcc/arm-none-eabi/12.3.1/../../../../arm-none-eabi/lib/thumb/v7e-m+fp/hard\libm.a(libm_a-e_rem_pio2.o)
 .rodata.two_over_pi
                0x08007438      0x108 C:/ST/STM32CubeIDE_1.14.1/STM32CubeIDE/plugins/com.st.stm32cube.ide.mcu.externaltools.gnu-tools-for-stm32.12.3.rel1.win32_1.0.100.202403111256/tools/bin/../lib/gcc/arm-none-eabi/12.3.1/../../../../arm-none-eabi/lib/thumb/v7e-m+fp/hard\libm.a(libm_a-e_rem_pio2.o)
 .rodata.PIo2   0x08007540       0x40 C:/ST/STM32CubeIDE_1.14.1/STM32CubeIDE/plugins/com.st.stm32cube.ide.mcu.externaltools.gnu-tools-for-stm32.12.3.rel1.win32_1.0.100.202403111256/tools/bin/../lib/gcc/arm-none-eabi/12.3.1/../../../../arm-none-eabi/lib/thumb/v7e-m+fp/hard\libm.a(libm_a-k_rem_pio2.o)
 .rodata.init_jk
                0x08007580       0x10 C:/ST/STM32CubeIDE_1.14.1/STM32CubeIDE/plugins/com.st.stm32cube.ide.mcu.externaltools.gnu-tools-for-stm32.12.3.rel1.win32_1.0.100.202403111256/tools/bin/../lib/gcc/arm-none-eabi/12.3.1/../../../../arm-none-eabi/lib/thumb/v7e-m+fp/hard\libm.a(libm_a-k_rem_pio2.o)
                0x08007590                        . = ALIGN (0x4)

.rel.dyn        0x08007590        0x0
 .rel.iplt      0x08007590        0x0 C:/ST/STM32CubeIDE_1.14.1/STM32CubeIDE/plugins/com.st.stm32cube.ide.mcu.externaltools.gnu-tools-for-stm32.12.3.rel1.win32_1.0.100.202403111256/tools/bin/../lib/gcc/arm-none-eabi/12.3.1/thumb/v7e-m+fp/hard/crtbegin.o

.ARM.extab      0x08007590        0x0
                0x08007590                        . = ALIGN (0x4)
 *(.ARM.extab* .gnu.linkonce.armextab.*)
                0x08007590                        . = ALIGN (0x4)

.ARM            0x08007590        0x0
                0x08007590                        . = ALIGN (0x4)
                0x08007590                        __exidx_start = .
 *(.ARM.exidx*)
                0x08007590                        __exidx_end = .
                0x08007590                        . = ALIGN (0x4)

.preinit_array  0x08007590        0x0
                0x08007590                        . = ALIGN (0x4)
                0x08007590                        PROVIDE (__preinit_array_start = .)
 *(.preinit_array*)
                0x08007590                        PROVIDE (__preinit_array_end = .)
                0x08007590                        . = ALIGN (0x4)

.init_array     0x08007590        0x4
                0x08007590                        . = ALIGN (0x4)
                0x08007590                        PROVIDE (__init_array_start = .)
 *(SORT_BY_NAME(.init_array.*))
 *(.init_array*)
 .init_array    0x08007590        0x4 C:/ST/STM32CubeIDE_1.14.1/STM32CubeIDE/plugins/com.st.stm32cube.ide.mcu.externaltools.gnu-tools-for-stm32.12.3.rel1.win32_1.0.100.202403111256/tools/bin/../lib/gcc/arm-none-eabi/12.3.1/thumb/v7e-m+fp/hard/crtbegin.o
                0x08007594                        PROVIDE (__init_array_end = .)
                0x08007594                        . = ALIGN (0x4)

.fini_array     0x08007594        0x4
                0x08007594                        . = ALIGN (0x4)
                [!provide]                        PROVIDE (__fini_array_start = .)
 *(SORT_BY_NAME(.fini_array.*))
 *(.fini_array*)
 .fini_array    0x08007594        0x4 C:/ST/STM32CubeIDE_1.14.1/STM32CubeIDE/plugins/com.st.stm32cube.ide.mcu.externaltools.gnu-tools-for-stm32.12.3.rel1.win32_1.0.100.202403111256/tools/bin/../lib/gcc/arm-none-eabi/12.3.1/thumb/v7e-m+fp/hard/crtbegin.o
                [!provide]                        PROVIDE (__fini_array_end = .)
                0x08007598                        . = ALIGN (0x4)
                0x08007598                        _sidata = LOADADDR (.data)

.data           0x20000000       0x78 load address 0x08007598
                0x20000000                        . = ALIGN (0x4)
                0x20000000                        _sdata = .
 *(.data)
 *(.data*)
 .data.SystemCoreClock
                0x20000000        0x4 ./Core/Src/system_stm32l4xx.o
                0x20000000                SystemCoreClock
 .data.uwTickFreq
                0x20000004        0x1 ./Drivers/STM32L4xx_HAL_Driver/Src/stm32l4xx_hal.o
                0x20000004                uwTickFreq
 *fill*         0x20000005        0x3 
 .data.uwTickPrio
                0x20000008        0x4 ./Drivers/STM32L4xx_HAL_Driver/Src/stm32l4xx_hal.o
                0x20000008                uwTickPrio
 .data.clip_window
                0x2000000c        0x8 ./hagl/src/hagl.o
 .data._impure_ptr
                0x20000014        0x4 C:/ST/STM32CubeIDE_1.14.1/STM32CubeIDE/plugins/com.st.stm32cube.ide.mcu.externaltools.gnu-tools-for-stm32.12.3.rel1.win32_1.0.100.202403111256/tools/bin/../lib/gcc/arm-none-eabi/12.3.1/../../../../arm-none-eabi/lib/thumb/v7e-m+fp/hard\libc_nano.a(libc_a-impure.o)
                0x20000014                _impure_ptr
 .data._impure_data
                0x20000018       0x4c C:/ST/STM32CubeIDE_1.14.1/STM32CubeIDE/plugins/com.st.stm32cube.ide.mcu.externaltools.gnu-tools-for-stm32.12.3.rel1.win32_1.0.100.202403111256/tools/bin/../lib/gcc/arm-none-eabi/12.3.1/../../../../arm-none-eabi/lib/thumb/v7e-m+fp/hard\libc_nano.a(libc_a-impure.o)
                0x20000018                _impure_data
 *fill*         0x20000064        0x4 
 .data.tiny     0x20000068        0x8 C:/ST/STM32CubeIDE_1.14.1/STM32CubeIDE/plugins/com.st.stm32cube.ide.mcu.externaltools.gnu-tools-for-stm32.12.3.rel1.win32_1.0.100.202403111256/tools/bin/../lib/gcc/arm-none-eabi/12.3.1/../../../../arm-none-eabi/lib/thumb/v7e-m+fp/hard\libm.a(libm_a-e_sqrt.o)
 .data.one      0x20000070        0x8 C:/ST/STM32CubeIDE_1.14.1/STM32CubeIDE/plugins/com.st.stm32cube.ide.mcu.externaltools.gnu-tools-for-stm32.12.3.rel1.win32_1.0.100.202403111256/tools/bin/../lib/gcc/arm-none-eabi/12.3.1/../../../../arm-none-eabi/lib/thumb/v7e-m+fp/hard\libm.a(libm_a-e_sqrt.o)
 *(.RamFunc)
 *(.RamFunc*)
                0x20000078                        . = ALIGN (0x4)
                0x20000078                        _edata = .

.igot.plt       0x20000078        0x0 load address 0x08007610
 .igot.plt      0x20000078        0x0 C:/ST/STM32CubeIDE_1.14.1/STM32CubeIDE/plugins/com.st.stm32cube.ide.mcu.externaltools.gnu-tools-for-stm32.12.3.rel1.win32_1.0.100.202403111256/tools/bin/../lib/gcc/arm-none-eabi/12.3.1/thumb/v7e-m+fp/hard/crtbegin.o
                0x20000078                        . = ALIGN (0x4)

.bss            0x20000078     0xa220 load address 0x08007610
                0x20000078                        _sbss = .
                0x20000078                        __bss_start__ = _sbss
 *(.bss)
 .bss           0x20000078       0x1c C:/ST/STM32CubeIDE_1.14.1/STM32CubeIDE/plugins/com.st.stm32cube.ide.mcu.externaltools.gnu-tools-for-stm32.12.3.rel1.win32_1.0.100.202403111256/tools/bin/../lib/gcc/arm-none-eabi/12.3.1/thumb/v7e-m+fp/hard/crtbegin.o
 *(.bss*)
 .bss.frame_buffer
                0x20000094     0xa000 ./Core/Src/lcd.o
 .bss.plasma    0x2000a094        0x4 ./Core/Src/plasma.o
                0x2000a094                plasma
 .bss.palette   0x2000a098        0x4 ./Core/Src/plasma.o
                0x2000a098                palette
 .bss.hdma_spi2_tx
                0x2000a09c       0x48 ./Core/Src/spi.o
                0x2000a09c                hdma_spi2_tx
 .bss.hspi2     0x2000a0e4       0x64 ./Core/Src/spi.o
                0x2000a0e4                hspi2
 .bss.__sbrk_heap_end
                0x2000a148        0x4 ./Core/Src/sysmem.o
 .bss.uwTick    0x2000a14c        0x4 ./Drivers/STM32L4xx_HAL_Driver/Src/stm32l4xx_hal.o
                0x2000a14c                uwTick
 .bss.__malloc_sbrk_start
                0x2000a150        0x4 C:/ST/STM32CubeIDE_1.14.1/STM32CubeIDE/plugins/com.st.stm32cube.ide.mcu.externaltools.gnu-tools-for-stm32.12.3.rel1.win32_1.0.100.202403111256/tools/bin/../lib/gcc/arm-none-eabi/12.3.1/../../../../arm-none-eabi/lib/thumb/v7e-m+fp/hard\libc_nano.a(libc_a-mallocr.o)
                0x2000a150                __malloc_sbrk_start
 .bss.__malloc_free_list
                0x2000a154        0x4 C:/ST/STM32CubeIDE_1.14.1/STM32CubeIDE/plugins/com.st.stm32cube.ide.mcu.externaltools.gnu-tools-for-stm32.12.3.rel1.win32_1.0.100.202403111256/tools/bin/../lib/gcc/arm-none-eabi/12.3.1/../../../../arm-none-eabi/lib/thumb/v7e-m+fp/hard\libc_nano.a(libc_a-mallocr.o)
                0x2000a154                __malloc_free_list
 .bss.__sf      0x2000a158      0x138 C:/ST/STM32CubeIDE_1.14.1/STM32CubeIDE/plugins/com.st.stm32cube.ide.mcu.externaltools.gnu-tools-for-stm32.12.3.rel1.win32_1.0.100.202403111256/tools/bin/../lib/gcc/arm-none-eabi/12.3.1/../../../../arm-none-eabi/lib/thumb/v7e-m+fp/hard\libc_nano.a(libc_a-findfp.o)
                0x2000a158                __sf
 .bss.errno     0x2000a290        0x4 C:/ST/STM32CubeIDE_1.14.1/STM32CubeIDE/plugins/com.st.stm32cube.ide.mcu.externaltools.gnu-tools-for-stm32.12.3.rel1.win32_1.0.100.202403111256/tools/bin/../lib/gcc/arm-none-eabi/12.3.1/../../../../arm-none-eabi/lib/thumb/v7e-m+fp/hard\libc_nano.a(libc_a-reent.o)
                0x2000a290                errno
 .bss.__lock___malloc_recursive_mutex
                0x2000a294        0x1 C:/ST/STM32CubeIDE_1.14.1/STM32CubeIDE/plugins/com.st.stm32cube.ide.mcu.externaltools.gnu-tools-for-stm32.12.3.rel1.win32_1.0.100.202403111256/tools/bin/../lib/gcc/arm-none-eabi/12.3.1/../../../../arm-none-eabi/lib/thumb/v7e-m+fp/hard\libc_nano.a(libc_a-lock.o)
                0x2000a294                __lock___malloc_recursive_mutex
 *(COMMON)
                0x2000a298                        . = ALIGN (0x4)
 *fill*         0x2000a295        0x3 
                0x2000a298                        _ebss = .
                0x2000a298                        __bss_end__ = _ebss

._user_heap_stack
                0x2000a298     0x2200 load address 0x08007610
                0x2000a298                        . = ALIGN (0x8)
                [!provide]                        PROVIDE (end = .)
                0x2000a298                        PROVIDE (_end = .)
                0x2000a498                        . = (. + _Min_Heap_Size)
 *fill*         0x2000a298      0x200 
                0x2000c498                        . = (. + _Min_Stack_Size)
 *fill*         0x2000a498     0x2000 
                0x2000c498                        . = ALIGN (0x8)

/DISCARD/
 libc.a(*)
 libm.a(*)
 libgcc.a(*)

.ARM.attributes
                0x00000000       0x30
 *(.ARM.attributes)
 .ARM.attributes
                0x00000000       0x22 C:/ST/STM32CubeIDE_1.14.1/STM32CubeIDE/plugins/com.st.stm32cube.ide.mcu.externaltools.gnu-tools-for-stm32.12.3.rel1.win32_1.0.100.202403111256/tools/bin/../lib/gcc/arm-none-eabi/12.3.1/thumb/v7e-m+fp/hard/crti.o
 .ARM.attributes
                0x00000022       0x34 C:/ST/STM32CubeIDE_1.14.1/STM32CubeIDE/plugins/com.st.stm32cube.ide.mcu.externaltools.gnu-tools-for-stm32.12.3.rel1.win32_1.0.100.202403111256/tools/bin/../lib/gcc/arm-none-eabi/12.3.1/thumb/v7e-m+fp/hard/crtbegin.o
 .ARM.attributes
                0x00000056       0x34 ./Core/Src/dma.o
 .ARM.attributes
                0x0000008a       0x34 ./Core/Src/gpio.o
 .ARM.attributes
                0x000000be       0x34 ./Core/Src/lcd.o
 .ARM.attributes
                0x000000f2       0x34 ./Core/Src/main.o
 .ARM.attributes
                0x00000126       0x34 ./Core/Src/plasma.o
 .ARM.attributes
                0x0000015a       0x34 ./Core/Src/spi.o
 .ARM.attributes
                0x0000018e       0x34 ./Core/Src/stm32l4xx_hal_msp.o
 .ARM.attributes
                0x000001c2       0x34 ./Core/Src/stm32l4xx_it.o
 .ARM.attributes
                0x000001f6       0x34 ./Core/Src/sysmem.o
 .ARM.attributes
                0x0000022a       0x34 ./Core/Src/system_stm32l4xx.o
 .ARM.attributes
                0x0000025e       0x21 ./Core/Startup/startup_stm32l476rgtx.o
 .ARM.attributes
                0x0000027f       0x34 ./Drivers/STM32L4xx_HAL_Driver/Src/stm32l4xx_hal.o
 .ARM.attributes
                0x000002b3       0x34 ./Drivers/STM32L4xx_HAL_Driver/Src/stm32l4xx_hal_cortex.o
 .ARM.attributes
                0x000002e7       0x34 ./Drivers/STM32L4xx_HAL_Driver/Src/stm32l4xx_hal_dma.o
 .ARM.attributes
                0x0000031b       0x34 ./Drivers/STM32L4xx_HAL_Driver/Src/stm32l4xx_hal_gpio.o
 .ARM.attributes
                0x0000034f       0x34 ./Drivers/STM32L4xx_HAL_Driver/Src/stm32l4xx_hal_pwr_ex.o
 .ARM.attributes
                0x00000383       0x34 ./Drivers/STM32L4xx_HAL_Driver/Src/stm32l4xx_hal_rcc.o
 .ARM.attributes
                0x000003b7       0x34 ./Drivers/STM32L4xx_HAL_Driver/Src/stm32l4xx_hal_spi.o
 .ARM.attributes
                0x000003eb       0x34 ./hagl/src/bitmap.o
 .ARM.attributes
                0x0000041f       0x34 ./hagl/src/clip.o
 .ARM.attributes
                0x00000453       0x34 ./hagl/src/fontx.o
 .ARM.attributes
                0x00000487       0x34 ./hagl/src/hagl.o
 .ARM.attributes
                0x000004bb       0x34 ./hagl/src/rgb565.o
 .ARM.attributes
                0x000004ef       0x34 C:/ST/STM32CubeIDE_1.14.1/STM32CubeIDE/plugins/com.st.stm32cube.ide.mcu.externaltools.gnu-tools-for-stm32.12.3.rel1.win32_1.0.100.202403111256/tools/bin/../lib/gcc/arm-none-eabi/12.3.1/../../../../arm-none-eabi/lib/thumb/v7e-m+fp/hard\libc_nano.a(libc_a-malloc.o)
 .ARM.attributes
                0x00000523       0x34 C:/ST/STM32CubeIDE_1.14.1/STM32CubeIDE/plugins/com.st.stm32cube.ide.mcu.externaltools.gnu-tools-for-stm32.12.3.rel1.win32_1.0.100.202403111256/tools/bin/../lib/gcc/arm-none-eabi/12.3.1/../../../../arm-none-eabi/lib/thumb/v7e-m+fp/hard\libc_nano.a(libc_a-mallocr.o)
 .ARM.attributes
                0x00000557       0x34 C:/ST/STM32CubeIDE_1.14.1/STM32CubeIDE/plugins/com.st.stm32cube.ide.mcu.externaltools.gnu-tools-for-stm32.12.3.rel1.win32_1.0.100.202403111256/tools/bin/../lib/gcc/arm-none-eabi/12.3.1/../../../../arm-none-eabi/lib/thumb/v7e-m+fp/hard\libc_nano.a(libc_a-mlock.o)
 .ARM.attributes
                0x0000058b       0x34 C:/ST/STM32CubeIDE_1.14.1/STM32CubeIDE/plugins/com.st.stm32cube.ide.mcu.externaltools.gnu-tools-for-stm32.12.3.rel1.win32_1.0.100.202403111256/tools/bin/../lib/gcc/arm-none-eabi/12.3.1/../../../../arm-none-eabi/lib/thumb/v7e-m+fp/hard\libc_nano.a(libc_a-findfp.o)
 .ARM.attributes
                0x000005bf       0x34 C:/ST/STM32CubeIDE_1.14.1/STM32CubeIDE/plugins/com.st.stm32cube.ide.mcu.externaltools.gnu-tools-for-stm32.12.3.rel1.win32_1.0.100.202403111256/tools/bin/../lib/gcc/arm-none-eabi/12.3.1/../../../../arm-none-eabi/lib/thumb/v7e-m+fp/hard\libc_nano.a(libc_a-memset.o)
 .ARM.attributes
                0x000005f3       0x34 C:/ST/STM32CubeIDE_1.14.1/STM32CubeIDE/plugins/com.st.stm32cube.ide.mcu.externaltools.gnu-tools-for-stm32.12.3.rel1.win32_1.0.100.202403111256/tools/bin/../lib/gcc/arm-none-eabi/12.3.1/../../../../arm-none-eabi/lib/thumb/v7e-m+fp/hard\libc_nano.a(libc_a-reent.o)
 .ARM.attributes
                0x00000627       0x34 C:/ST/STM32CubeIDE_1.14.1/STM32CubeIDE/plugins/com.st.stm32cube.ide.mcu.externaltools.gnu-tools-for-stm32.12.3.rel1.win32_1.0.100.202403111256/tools/bin/../lib/gcc/arm-none-eabi/12.3.1/../../../../arm-none-eabi/lib/thumb/v7e-m+fp/hard\libc_nano.a(libc_a-impure.o)
 .ARM.attributes
                0x0000065b       0x34 C:/ST/STM32CubeIDE_1.14.1/STM32CubeIDE/plugins/com.st.stm32cube.ide.mcu.externaltools.gnu-tools-for-stm32.12.3.rel1.win32_1.0.100.202403111256/tools/bin/../lib/gcc/arm-none-eabi/12.3.1/../../../../arm-none-eabi/lib/thumb/v7e-m+fp/hard\libc_nano.a(libc_a-sbrkr.o)
 .ARM.attributes
                0x0000068f       0x34 C:/ST/STM32CubeIDE_1.14.1/STM32CubeIDE/plugins/com.st.stm32cube.ide.mcu.externaltools.gnu-tools-for-stm32.12.3.rel1.win32_1.0.100.202403111256/tools/bin/../lib/gcc/arm-none-eabi/12.3.1/../../../../arm-none-eabi/lib/thumb/v7e-m+fp/hard\libc_nano.a(libc_a-errno.o)
 .ARM.attributes
                0x000006c3       0x34 C:/ST/STM32CubeIDE_1.14.1/STM32CubeIDE/plugins/com.st.stm32cube.ide.mcu.externaltools.gnu-tools-for-stm32.12.3.rel1.win32_1.0.100.202403111256/tools/bin/../lib/gcc/arm-none-eabi/12.3.1/../../../../arm-none-eabi/lib/thumb/v7e-m+fp/hard\libc_nano.a(libc_a-init.o)
 .ARM.attributes
                0x000006f7       0x34 C:/ST/STM32CubeIDE_1.14.1/STM32CubeIDE/plugins/com.st.stm32cube.ide.mcu.externaltools.gnu-tools-for-stm32.12.3.rel1.win32_1.0.100.202403111256/tools/bin/../lib/gcc/arm-none-eabi/12.3.1/../../../../arm-none-eabi/lib/thumb/v7e-m+fp/hard\libc_nano.a(libc_a-lock.o)
 .ARM.attributes
                0x0000072b       0x34 C:/ST/STM32CubeIDE_1.14.1/STM32CubeIDE/plugins/com.st.stm32cube.ide.mcu.externaltools.gnu-tools-for-stm32.12.3.rel1.win32_1.0.100.202403111256/tools/bin/../lib/gcc/arm-none-eabi/12.3.1/../../../../arm-none-eabi/lib/thumb/v7e-m+fp/hard\libm.a(libm_a-w_sqrt.o)
 .ARM.attributes
                0x0000075f       0x34 C:/ST/STM32CubeIDE_1.14.1/STM32CubeIDE/plugins/com.st.stm32cube.ide.mcu.externaltools.gnu-tools-for-stm32.12.3.rel1.win32_1.0.100.202403111256/tools/bin/../lib/gcc/arm-none-eabi/12.3.1/../../../../arm-none-eabi/lib/thumb/v7e-m+fp/hard\libm.a(libm_a-s_sin.o)
 .ARM.attributes
                0x00000793       0x34 C:/ST/STM32CubeIDE_1.14.1/STM32CubeIDE/plugins/com.st.stm32cube.ide.mcu.externaltools.gnu-tools-for-stm32.12.3.rel1.win32_1.0.100.202403111256/tools/bin/../lib/gcc/arm-none-eabi/12.3.1/../../../../arm-none-eabi/lib/thumb/v7e-m+fp/hard\libm.a(libm_a-e_sqrt.o)
 .ARM.attributes
                0x000007c7       0x34 C:/ST/STM32CubeIDE_1.14.1/STM32CubeIDE/plugins/com.st.stm32cube.ide.mcu.externaltools.gnu-tools-for-stm32.12.3.rel1.win32_1.0.100.202403111256/tools/bin/../lib/gcc/arm-none-eabi/12.3.1/../../../../arm-none-eabi/lib/thumb/v7e-m+fp/hard\libm.a(libm_a-k_cos.o)
 .ARM.attributes
                0x000007fb       0x34 C:/ST/STM32CubeIDE_1.14.1/STM32CubeIDE/plugins/com.st.stm32cube.ide.mcu.externaltools.gnu-tools-for-stm32.12.3.rel1.win32_1.0.100.202403111256/tools/bin/../lib/gcc/arm-none-eabi/12.3.1/../../../../arm-none-eabi/lib/thumb/v7e-m+fp/hard\libm.a(libm_a-k_sin.o)
 .ARM.attributes
                0x0000082f       0x34 C:/ST/STM32CubeIDE_1.14.1/STM32CubeIDE/plugins/com.st.stm32cube.ide.mcu.externaltools.gnu-tools-for-stm32.12.3.rel1.win32_1.0.100.202403111256/tools/bin/../lib/gcc/arm-none-eabi/12.3.1/../../../../arm-none-eabi/lib/thumb/v7e-m+fp/hard\libm.a(libm_a-e_rem_pio2.o)
 .ARM.attributes
                0x00000863       0x34 C:/ST/STM32CubeIDE_1.14.1/STM32CubeIDE/plugins/com.st.stm32cube.ide.mcu.externaltools.gnu-tools-for-stm32.12.3.rel1.win32_1.0.100.202403111256/tools/bin/../lib/gcc/arm-none-eabi/12.3.1/../../../../arm-none-eabi/lib/thumb/v7e-m+fp/hard\libm.a(libm_a-s_fabs.o)
 .ARM.attributes
                0x00000897       0x34 C:/ST/STM32CubeIDE_1.14.1/STM32CubeIDE/plugins/com.st.stm32cube.ide.mcu.externaltools.gnu-tools-for-stm32.12.3.rel1.win32_1.0.100.202403111256/tools/bin/../lib/gcc/arm-none-eabi/12.3.1/../../../../arm-none-eabi/lib/thumb/v7e-m+fp/hard\libm.a(libm_a-k_rem_pio2.o)
 .ARM.attributes
                0x000008cb       0x34 C:/ST/STM32CubeIDE_1.14.1/STM32CubeIDE/plugins/com.st.stm32cube.ide.mcu.externaltools.gnu-tools-for-stm32.12.3.rel1.win32_1.0.100.202403111256/tools/bin/../lib/gcc/arm-none-eabi/12.3.1/../../../../arm-none-eabi/lib/thumb/v7e-m+fp/hard\libm.a(libm_a-s_scalbn.o)
 .ARM.attributes
                0x000008ff       0x34 C:/ST/STM32CubeIDE_1.14.1/STM32CubeIDE/plugins/com.st.stm32cube.ide.mcu.externaltools.gnu-tools-for-stm32.12.3.rel1.win32_1.0.100.202403111256/tools/bin/../lib/gcc/arm-none-eabi/12.3.1/../../../../arm-none-eabi/lib/thumb/v7e-m+fp/hard\libm.a(libm_a-s_floor.o)
 .ARM.attributes
                0x00000933       0x22 C:/ST/STM32CubeIDE_1.14.1/STM32CubeIDE/plugins/com.st.stm32cube.ide.mcu.externaltools.gnu-tools-for-stm32.12.3.rel1.win32_1.0.100.202403111256/tools/bin/../lib/gcc/arm-none-eabi/12.3.1/thumb/v7e-m+fp/hard\libgcc.a(_arm_addsubdf3.o)
 .ARM.attributes
                0x00000955       0x22 C:/ST/STM32CubeIDE_1.14.1/STM32CubeIDE/plugins/com.st.stm32cube.ide.mcu.externaltools.gnu-tools-for-stm32.12.3.rel1.win32_1.0.100.202403111256/tools/bin/../lib/gcc/arm-none-eabi/12.3.1/thumb/v7e-m+fp/hard\libgcc.a(_arm_muldivdf3.o)
 .ARM.attributes
                0x00000977       0x22 C:/ST/STM32CubeIDE_1.14.1/STM32CubeIDE/plugins/com.st.stm32cube.ide.mcu.externaltools.gnu-tools-for-stm32.12.3.rel1.win32_1.0.100.202403111256/tools/bin/../lib/gcc/arm-none-eabi/12.3.1/thumb/v7e-m+fp/hard\libgcc.a(_arm_cmpdf2.o)
 .ARM.attributes
                0x00000999       0x22 C:/ST/STM32CubeIDE_1.14.1/STM32CubeIDE/plugins/com.st.stm32cube.ide.mcu.externaltools.gnu-tools-for-stm32.12.3.rel1.win32_1.0.100.202403111256/tools/bin/../lib/gcc/arm-none-eabi/12.3.1/thumb/v7e-m+fp/hard\libgcc.a(_arm_unorddf2.o)
 .ARM.attributes
                0x000009bb       0x22 C:/ST/STM32CubeIDE_1.14.1/STM32CubeIDE/plugins/com.st.stm32cube.ide.mcu.externaltools.gnu-tools-for-stm32.12.3.rel1.win32_1.0.100.202403111256/tools/bin/../lib/gcc/arm-none-eabi/12.3.1/thumb/v7e-m+fp/hard\libgcc.a(_arm_fixdfsi.o)
 .ARM.attributes
                0x000009dd       0x22 C:/ST/STM32CubeIDE_1.14.1/STM32CubeIDE/plugins/com.st.stm32cube.ide.mcu.externaltools.gnu-tools-for-stm32.12.3.rel1.win32_1.0.100.202403111256/tools/bin/../lib/gcc/arm-none-eabi/12.3.1/thumb/v7e-m+fp/hard\libgcc.a(_arm_fixunsdfsi.o)
 .ARM.attributes
                0x000009ff       0x22 C:/ST/STM32CubeIDE_1.14.1/STM32CubeIDE/plugins/com.st.stm32cube.ide.mcu.externaltools.gnu-tools-for-stm32.12.3.rel1.win32_1.0.100.202403111256/tools/bin/../lib/gcc/arm-none-eabi/12.3.1/thumb/v7e-m+fp/hard\libgcc.a(_arm_truncdfsf2.o)
 .ARM.attributes
                0x00000a21       0x22 C:/ST/STM32CubeIDE_1.14.1/STM32CubeIDE/plugins/com.st.stm32cube.ide.mcu.externaltools.gnu-tools-for-stm32.12.3.rel1.win32_1.0.100.202403111256/tools/bin/../lib/gcc/arm-none-eabi/12.3.1/thumb/v7e-m+fp/hard/crtn.o
OUTPUT(wyswietlacz_graficzny.elf elf32-littlearm)
LOAD linker stubs
LOAD C:/ST/STM32CubeIDE_1.14.1/STM32CubeIDE/plugins/com.st.stm32cube.ide.mcu.externaltools.gnu-tools-for-stm32.12.3.rel1.win32_1.0.100.202403111256/tools/bin/../lib/gcc/arm-none-eabi/12.3.1/../../../../arm-none-eabi/lib/thumb/v7e-m+fp/hard\libc.a
LOAD C:/ST/STM32CubeIDE_1.14.1/STM32CubeIDE/plugins/com.st.stm32cube.ide.mcu.externaltools.gnu-tools-for-stm32.12.3.rel1.win32_1.0.100.202403111256/tools/bin/../lib/gcc/arm-none-eabi/12.3.1/../../../../arm-none-eabi/lib/thumb/v7e-m+fp/hard\libm.a
LOAD C:/ST/STM32CubeIDE_1.14.1/STM32CubeIDE/plugins/com.st.stm32cube.ide.mcu.externaltools.gnu-tools-for-stm32.12.3.rel1.win32_1.0.100.202403111256/tools/bin/../lib/gcc/arm-none-eabi/12.3.1/thumb/v7e-m+fp/hard\libgcc.a

.debug_info     0x00000000    0x160b7
 .debug_info    0x00000000      0x52f ./Core/Src/dma.o
 .debug_info    0x0000052f      0x4d6 ./Core/Src/gpio.o
 .debug_info    0x00000a05      0xc12 ./Core/Src/lcd.o
 .debug_info    0x00001617     0x8cbe ./Core/Src/main.o
 .debug_info    0x0000a2d5      0x593 ./Core/Src/plasma.o
 .debug_info    0x0000a868      0xac0 ./Core/Src/spi.o
 .debug_info    0x0000b328      0x2b5 ./Core/Src/stm32l4xx_hal_msp.o
 .debug_info    0x0000b5dd      0x37a ./Core/Src/stm32l4xx_it.o
 .debug_info    0x0000b957      0x175 ./Core/Src/sysmem.o
 .debug_info    0x0000bacc      0x5cf ./Core/Src/system_stm32l4xx.o
 .debug_info    0x0000c09b       0x30 ./Core/Startup/startup_stm32l476rgtx.o
 .debug_info    0x0000c0cb      0xbf2 ./Drivers/STM32L4xx_HAL_Driver/Src/stm32l4xx_hal.o
 .debug_info    0x0000ccbd      0xfc7 ./Drivers/STM32L4xx_HAL_Driver/Src/stm32l4xx_hal_cortex.o
 .debug_info    0x0000dc84      0x80c ./Drivers/STM32L4xx_HAL_Driver/Src/stm32l4xx_hal_dma.o
 .debug_info    0x0000e490      0x789 ./Drivers/STM32L4xx_HAL_Driver/Src/stm32l4xx_hal_gpio.o
 .debug_info    0x0000ec19      0xa21 ./Drivers/STM32L4xx_HAL_Driver/Src/stm32l4xx_hal_pwr_ex.o
 .debug_info    0x0000f63a      0xea4 ./Drivers/STM32L4xx_HAL_Driver/Src/stm32l4xx_hal_rcc.o
 .debug_info    0x000104de     0x2113 ./Drivers/STM32L4xx_HAL_Driver/Src/stm32l4xx_hal_spi.o
 .debug_info    0x000125f1      0x495 ./hagl/src/bitmap.o
 .debug_info    0x00012a86      0x36f ./hagl/src/clip.o
 .debug_info    0x00012df5      0x2c3 ./hagl/src/fontx.o
 .debug_info    0x000130b8     0x2e52 ./hagl/src/hagl.o
 .debug_info    0x00015f0a      0x1ad ./hagl/src/rgb565.o

.debug_abbrev   0x00000000     0x2e89
 .debug_abbrev  0x00000000      0x11c ./Core/Src/dma.o
 .debug_abbrev  0x0000011c      0x182 ./Core/Src/gpio.o
 .debug_abbrev  0x0000029e      0x2e6 ./Core/Src/lcd.o
 .debug_abbrev  0x00000584      0x338 ./Core/Src/main.o
 .debug_abbrev  0x000008bc      0x19a ./Core/Src/plasma.o
 .debug_abbrev  0x00000a56      0x22b ./Core/Src/spi.o
 .debug_abbrev  0x00000c81       0xc4 ./Core/Src/stm32l4xx_hal_msp.o
 .debug_abbrev  0x00000d45      0x1b1 ./Core/Src/stm32l4xx_it.o
 .debug_abbrev  0x00000ef6       0xec ./Core/Src/sysmem.o
 .debug_abbrev  0x00000fe2      0x120 ./Core/Src/system_stm32l4xx.o
 .debug_abbrev  0x00001102       0x24 ./Core/Startup/startup_stm32l476rgtx.o
 .debug_abbrev  0x00001126      0x2dd ./Drivers/STM32L4xx_HAL_Driver/Src/stm32l4xx_hal.o
 .debug_abbrev  0x00001403      0x390 ./Drivers/STM32L4xx_HAL_Driver/Src/stm32l4xx_hal_cortex.o
 .debug_abbrev  0x00001793      0x24d ./Drivers/STM32L4xx_HAL_Driver/Src/stm32l4xx_hal_dma.o
 .debug_abbrev  0x000019e0      0x1f9 ./Drivers/STM32L4xx_HAL_Driver/Src/stm32l4xx_hal_gpio.o
 .debug_abbrev  0x00001bd9      0x250 ./Drivers/STM32L4xx_HAL_Driver/Src/stm32l4xx_hal_pwr_ex.o
 .debug_abbrev  0x00001e29      0x2bf ./Drivers/STM32L4xx_HAL_Driver/Src/stm32l4xx_hal_rcc.o
 .debug_abbrev  0x000020e8      0x377 ./Drivers/STM32L4xx_HAL_Driver/Src/stm32l4xx_hal_spi.o
 .debug_abbrev  0x0000245f      0x13f ./hagl/src/bitmap.o
 .debug_abbrev  0x0000259e      0x1c6 ./hagl/src/clip.o
 .debug_abbrev  0x00002764      0x14d ./hagl/src/fontx.o
 .debug_abbrev  0x000028b1      0x4ea ./hagl/src/hagl.o
 .debug_abbrev  0x00002d9b       0xee ./hagl/src/rgb565.o

.debug_aranges  0x00000000      0xa60
 .debug_aranges
                0x00000000       0x20 ./Core/Src/dma.o
 .debug_aranges
                0x00000020       0x20 ./Core/Src/gpio.o
 .debug_aranges
                0x00000040       0x58 ./Core/Src/lcd.o
 .debug_aranges
                0x00000098       0x38 ./Core/Src/main.o
 .debug_aranges
                0x000000d0       0x38 ./Core/Src/plasma.o
 .debug_aranges
                0x00000108       0x30 ./Core/Src/spi.o
 .debug_aranges
                0x00000138       0x20 ./Core/Src/stm32l4xx_hal_msp.o
 .debug_aranges
                0x00000158       0x68 ./Core/Src/stm32l4xx_it.o
 .debug_aranges
                0x000001c0       0x20 ./Core/Src/sysmem.o
 .debug_aranges
                0x000001e0       0x28 ./Core/Src/system_stm32l4xx.o
 .debug_aranges
                0x00000208       0x28 ./Core/Startup/startup_stm32l476rgtx.o
 .debug_aranges
                0x00000230      0x130 ./Drivers/STM32L4xx_HAL_Driver/Src/stm32l4xx_hal.o
 .debug_aranges
                0x00000360       0xa8 ./Drivers/STM32L4xx_HAL_Driver/Src/stm32l4xx_hal_cortex.o
 .debug_aranges
                0x00000408       0x78 ./Drivers/STM32L4xx_HAL_Driver/Src/stm32l4xx_hal_dma.o
 .debug_aranges
                0x00000480       0x58 ./Drivers/STM32L4xx_HAL_Driver/Src/stm32l4xx_hal_gpio.o
 .debug_aranges
                0x000004d8      0x160 ./Drivers/STM32L4xx_HAL_Driver/Src/stm32l4xx_hal_pwr_ex.o
 .debug_aranges
                0x00000638       0x90 ./Drivers/STM32L4xx_HAL_Driver/Src/stm32l4xx_hal_rcc.o
 .debug_aranges
                0x000006c8      0x1d8 ./Drivers/STM32L4xx_HAL_Driver/Src/stm32l4xx_hal_spi.o
 .debug_aranges
                0x000008a0       0x38 ./hagl/src/bitmap.o
 .debug_aranges
                0x000008d8       0x20 ./hagl/src/clip.o
 .debug_aranges
                0x000008f8       0x28 ./hagl/src/fontx.o
 .debug_aranges
                0x00000920      0x118 ./hagl/src/hagl.o
 .debug_aranges
                0x00000a38       0x28 ./hagl/src/rgb565.o

.debug_rnglists
                0x00000000      0xab5
 .debug_rnglists
                0x00000000       0x25 ./Core/Src/dma.o
 .debug_rnglists
                0x00000025       0x2c ./Core/Src/gpio.o
 .debug_rnglists
                0x00000051       0x58 ./Core/Src/lcd.o
 .debug_rnglists
                0x000000a9       0x26 ./Core/Src/main.o
 .debug_rnglists
                0x000000cf       0xad ./Core/Src/plasma.o
 .debug_rnglists
                0x0000017c       0x3b ./Core/Src/spi.o
 .debug_rnglists
                0x000001b7       0x1f ./Core/Src/stm32l4xx_hal_msp.o
 .debug_rnglists
                0x000001d6       0x49 ./Core/Src/stm32l4xx_it.o
 .debug_rnglists
                0x0000021f       0x13 ./Core/Src/sysmem.o
 .debug_rnglists
                0x00000232       0x1a ./Core/Src/system_stm32l4xx.o
 .debug_rnglists
                0x0000024c       0x19 ./Core/Startup/startup_stm32l476rgtx.o
 .debug_rnglists
                0x00000265       0xdf ./Drivers/STM32L4xx_HAL_Driver/Src/stm32l4xx_hal.o
 .debug_rnglists
                0x00000344       0xe2 ./Drivers/STM32L4xx_HAL_Driver/Src/stm32l4xx_hal_cortex.o
 .debug_rnglists
                0x00000426       0x65 ./Drivers/STM32L4xx_HAL_Driver/Src/stm32l4xx_hal_dma.o
 .debug_rnglists
                0x0000048b       0x52 ./Drivers/STM32L4xx_HAL_Driver/Src/stm32l4xx_hal_gpio.o
 .debug_rnglists
                0x000004dd      0x108 ./Drivers/STM32L4xx_HAL_Driver/Src/stm32l4xx_hal_pwr_ex.o
 .debug_rnglists
                0x000005e5       0x7c ./Drivers/STM32L4xx_HAL_Driver/Src/stm32l4xx_hal_rcc.o
 .debug_rnglists
                0x00000661      0x1cd ./Drivers/STM32L4xx_HAL_Driver/Src/stm32l4xx_hal_spi.o
 .debug_rnglists
                0x0000082e       0x5e ./hagl/src/bitmap.o
 .debug_rnglists
                0x0000088c       0x5c ./hagl/src/clip.o
 .debug_rnglists
                0x000008e8       0x1a ./hagl/src/fontx.o
 .debug_rnglists
                0x00000902      0x19a ./hagl/src/hagl.o
 .debug_rnglists
                0x00000a9c       0x19 ./hagl/src/rgb565.o

.debug_macro    0x00000000    0x24e95
 .debug_macro   0x00000000      0x1c6 ./Core/Src/dma.o
 .debug_macro   0x000001c6      0x1a1 ./Core/Src/dma.o
 .debug_macro   0x00000367       0x2e ./Core/Src/dma.o
 .debug_macro   0x00000395       0x28 ./Core/Src/dma.o
 .debug_macro   0x000003bd       0x1c ./Core/Src/dma.o
 .debug_macro   0x000003d9       0x22 ./Core/Src/dma.o
 .debug_macro   0x000003fb       0xfb ./Core/Src/dma.o
 .debug_macro   0x000004f6     0x1011 ./Core/Src/dma.o
 .debug_macro   0x00001507      0x11f ./Core/Src/dma.o
 .debug_macro   0x00001626    0x1a17a ./Core/Src/dma.o
 .debug_macro   0x0001b7a0       0x6d ./Core/Src/dma.o
 .debug_macro   0x0001b80d     0x38e6 ./Core/Src/dma.o
 .debug_macro   0x0001f0f3      0x189 ./Core/Src/dma.o
 .debug_macro   0x0001f27c       0x5c ./Core/Src/dma.o
 .debug_macro   0x0001f2d8     0x159e ./Core/Src/dma.o
 .debug_macro   0x00020876      0x5a5 ./Core/Src/dma.o
 .debug_macro   0x00020e1b      0x1b9 ./Core/Src/dma.o
 .debug_macro   0x00020fd4      0x18b ./Core/Src/dma.o
 .debug_macro   0x0002115f      0x26b ./Core/Src/dma.o
 .debug_macro   0x000213ca      0x23d ./Core/Src/dma.o
 .debug_macro   0x00021607      0x241 ./Core/Src/dma.o
 .debug_macro   0x00021848      0x37c ./Core/Src/dma.o
 .debug_macro   0x00021bc4       0xd6 ./Core/Src/dma.o
 .debug_macro   0x00021c9a      0x122 ./Core/Src/dma.o
 .debug_macro   0x00021dbc      0x3ef ./Core/Src/dma.o
 .debug_macro   0x000221ab      0x2fe ./Core/Src/dma.o
 .debug_macro   0x000224a9      0x330 ./Core/Src/dma.o
 .debug_macro   0x000227d9       0x28 ./Core/Src/dma.o
 .debug_macro   0x00022801      0x1c6 ./Core/Src/gpio.o
 .debug_macro   0x000229c7      0x262 ./Core/Src/lcd.o
 .debug_macro   0x00022c29      0x24f ./Core/Src/main.o
 .debug_macro   0x00022e78      0x186 ./Core/Src/plasma.o
 .debug_macro   0x00022ffe      0x1c6 ./Core/Src/spi.o
 .debug_macro   0x000231c4      0x1bc ./Core/Src/stm32l4xx_hal_msp.o
 .debug_macro   0x00023380      0x1c6 ./Core/Src/stm32l4xx_it.o
 .debug_macro   0x00023546       0xff ./Core/Src/sysmem.o
 .debug_macro   0x00023645      0x23c ./Core/Src/sysmem.o
 .debug_macro   0x00023881      0x1ad ./Core/Src/system_stm32l4xx.o
 .debug_macro   0x00023a2e      0x1fb ./Drivers/STM32L4xx_HAL_Driver/Src/stm32l4xx_hal.o
 .debug_macro   0x00023c29      0x1ad ./Drivers/STM32L4xx_HAL_Driver/Src/stm32l4xx_hal_cortex.o
 .debug_macro   0x00023dd6      0x1ad ./Drivers/STM32L4xx_HAL_Driver/Src/stm32l4xx_hal_dma.o
 .debug_macro   0x00023f83      0x1b4 ./Drivers/STM32L4xx_HAL_Driver/Src/stm32l4xx_hal_gpio.o
 .debug_macro   0x00024137      0x1d1 ./Drivers/STM32L4xx_HAL_Driver/Src/stm32l4xx_hal_pwr_ex.o
 .debug_macro   0x00024308      0x1ef ./Drivers/STM32L4xx_HAL_Driver/Src/stm32l4xx_hal_rcc.o
 .debug_macro   0x000244f7      0x1b5 ./Drivers/STM32L4xx_HAL_Driver/Src/stm32l4xx_hal_spi.o
 .debug_macro   0x000246ac      0x17a ./hagl/src/bitmap.o
 .debug_macro   0x00024826       0x16 ./hagl/src/bitmap.o
 .debug_macro   0x0002483c       0x20 ./hagl/src/bitmap.o
 .debug_macro   0x0002485c       0x76 ./hagl/src/clip.o
 .debug_macro   0x000248d2      0x147 ./hagl/src/fontx.o
 .debug_macro   0x00024a19       0x10 ./hagl/src/fontx.o
 .debug_macro   0x00024a29       0x4c ./hagl/src/fontx.o
 .debug_macro   0x00024a75      0x23e ./hagl/src/hagl.o
 .debug_macro   0x00024cb3      0x11f ./hagl/src/hagl.o
 .debug_macro   0x00024dd2       0x1c ./hagl/src/hagl.o
 .debug_macro   0x00024dee       0x22 ./hagl/src/hagl.o
 .debug_macro   0x00024e10       0x85 ./hagl/src/rgb565.o

.debug_line     0x00000000    0x10bd8
 .debug_line    0x00000000      0x731 ./Core/Src/dma.o
 .debug_line    0x00000731      0x765 ./Core/Src/gpio.o
 .debug_line    0x00000e96      0x8ac ./Core/Src/lcd.o
 .debug_line    0x00001742      0x9e4 ./Core/Src/main.o
 .debug_line    0x00002126      0x995 ./Core/Src/plasma.o
 .debug_line    0x00002abb      0x893 ./Core/Src/spi.o
 .debug_line    0x0000334e      0x730 ./Core/Src/stm32l4xx_hal_msp.o
 .debug_line    0x00003a7e      0x82d ./Core/Src/stm32l4xx_it.o
 .debug_line    0x000042ab      0x5ad ./Core/Src/sysmem.o
 .debug_line    0x00004858      0x7f4 ./Core/Src/system_stm32l4xx.o
 .debug_line    0x0000504c       0x7a ./Core/Startup/startup_stm32l476rgtx.o
 .debug_line    0x000050c6      0xbe5 ./Drivers/STM32L4xx_HAL_Driver/Src/stm32l4xx_hal.o
 .debug_line    0x00005cab      0xd02 ./Drivers/STM32L4xx_HAL_Driver/Src/stm32l4xx_hal_cortex.o
 .debug_line    0x000069ad      0xf65 ./Drivers/STM32L4xx_HAL_Driver/Src/stm32l4xx_hal_dma.o
 .debug_line    0x00007912      0xcb5 ./Drivers/STM32L4xx_HAL_Driver/Src/stm32l4xx_hal_gpio.o
 .debug_line    0x000085c7      0xe17 ./Drivers/STM32L4xx_HAL_Driver/Src/stm32l4xx_hal_pwr_ex.o
 .debug_line    0x000093de     0x130b ./Drivers/STM32L4xx_HAL_Driver/Src/stm32l4xx_hal_rcc.o
 .debug_line    0x0000a6e9     0x2d1d ./Drivers/STM32L4xx_HAL_Driver/Src/stm32l4xx_hal_spi.o
 .debug_line    0x0000d406      0xa1c ./hagl/src/bitmap.o
 .debug_line    0x0000de22      0x704 ./hagl/src/clip.o
 .debug_line    0x0000e526      0x70e ./hagl/src/fontx.o
 .debug_line    0x0000ec34     0x1aaf ./hagl/src/hagl.o
 .debug_line    0x000106e3      0x4f5 ./hagl/src/rgb565.o

.debug_str      0x00000000    0xe653e
 .debug_str     0x00000000    0xde47f ./Core/Src/dma.o
                              0xde7c1 (size before relaxing)
 .debug_str     0x000de47f       0xff ./Core/Src/gpio.o
                              0xde399 (size before relaxing)
 .debug_str     0x000de57e      0x72f ./Core/Src/lcd.o
                              0xde972 (size before relaxing)
 .debug_str     0x000decad      0x3ff ./Core/Src/main.o
                              0xdeacf (size before relaxing)
 .debug_str     0x000df0ac     0x3a80 ./Core/Src/plasma.o
                               0x7dd7 (size before relaxing)
 .debug_str     0x000e2b2c       0x84 ./Core/Src/spi.o
                              0xde7ee (size before relaxing)
 .debug_str     0x000e2bb0       0x2c ./Core/Src/stm32l4xx_hal_msp.o
                              0xde2b1 (size before relaxing)
 .debug_str     0x000e2bdc       0xf5 ./Core/Src/stm32l4xx_it.o
                              0xde416 (size before relaxing)
 .debug_str     0x000e2cd1      0x4dc ./Core/Src/sysmem.o
                               0x60ef (size before relaxing)
 .debug_str     0x000e31ad       0xf2 ./Core/Src/system_stm32l4xx.o
                              0xde2ed (size before relaxing)
 .debug_str     0x000e329f       0x44 ./Core/Startup/startup_stm32l476rgtx.o
                                 0x8f (size before relaxing)
 .debug_str     0x000e32e3      0x636 ./Drivers/STM32L4xx_HAL_Driver/Src/stm32l4xx_hal.o
                              0xdee80 (size before relaxing)
 .debug_str     0x000e3919      0x331 ./Drivers/STM32L4xx_HAL_Driver/Src/stm32l4xx_hal_cortex.o
                              0xdeb34 (size before relaxing)
 .debug_str     0x000e3c4a      0x22e ./Drivers/STM32L4xx_HAL_Driver/Src/stm32l4xx_hal_dma.o
                              0xde557 (size before relaxing)
 .debug_str     0x000e3e78      0x123 ./Drivers/STM32L4xx_HAL_Driver/Src/stm32l4xx_hal_gpio.o
                              0xde466 (size before relaxing)
 .debug_str     0x000e3f9b      0x4e3 ./Drivers/STM32L4xx_HAL_Driver/Src/stm32l4xx_hal_pwr_ex.o
                              0xde848 (size before relaxing)
 .debug_str     0x000e447e      0x3ac ./Drivers/STM32L4xx_HAL_Driver/Src/stm32l4xx_hal_rcc.o
                              0xde933 (size before relaxing)
 .debug_str     0x000e482a      0x53a ./Drivers/STM32L4xx_HAL_Driver/Src/stm32l4xx_hal_spi.o
                              0xdeb0e (size before relaxing)
 .debug_str     0x000e4d64      0x118 ./hagl/src/bitmap.o
                               0x7c35 (size before relaxing)
 .debug_str     0x000e4e7c       0x68 ./hagl/src/clip.o
                               0x3e15 (size before relaxing)
 .debug_str     0x000e4ee4      0x15c ./hagl/src/fontx.o
                               0x73b6 (size before relaxing)
 .debug_str     0x000e5040     0x14cc ./hagl/src/hagl.o
                               0x8cfe (size before relaxing)
 .debug_str     0x000e650c       0x32 ./hagl/src/rgb565.o
                               0x3da1 (size before relaxing)

.comment        0x00000000       0x43
 .comment       0x00000000       0x43 ./Core/Src/dma.o
                                 0x44 (size before relaxing)
 .comment       0x00000043       0x44 ./Core/Src/gpio.o
 .comment       0x00000043       0x44 ./Core/Src/lcd.o
 .comment       0x00000043       0x44 ./Core/Src/main.o
 .comment       0x00000043       0x44 ./Core/Src/plasma.o
 .comment       0x00000043       0x44 ./Core/Src/spi.o
 .comment       0x00000043       0x44 ./Core/Src/stm32l4xx_hal_msp.o
 .comment       0x00000043       0x44 ./Core/Src/stm32l4xx_it.o
 .comment       0x00000043       0x44 ./Core/Src/sysmem.o
 .comment       0x00000043       0x44 ./Core/Src/system_stm32l4xx.o
 .comment       0x00000043       0x44 ./Drivers/STM32L4xx_HAL_Driver/Src/stm32l4xx_hal.o
 .comment       0x00000043       0x44 ./Drivers/STM32L4xx_HAL_Driver/Src/stm32l4xx_hal_cortex.o
 .comment       0x00000043       0x44 ./Drivers/STM32L4xx_HAL_Driver/Src/stm32l4xx_hal_dma.o
 .comment       0x00000043       0x44 ./Drivers/STM32L4xx_HAL_Driver/Src/stm32l4xx_hal_gpio.o
 .comment       0x00000043       0x44 ./Drivers/STM32L4xx_HAL_Driver/Src/stm32l4xx_hal_pwr_ex.o
 .comment       0x00000043       0x44 ./Drivers/STM32L4xx_HAL_Driver/Src/stm32l4xx_hal_rcc.o
 .comment       0x00000043       0x44 ./Drivers/STM32L4xx_HAL_Driver/Src/stm32l4xx_hal_spi.o
 .comment       0x00000043       0x44 ./hagl/src/bitmap.o
 .comment       0x00000043       0x44 ./hagl/src/clip.o
 .comment       0x00000043       0x44 ./hagl/src/fontx.o
 .comment       0x00000043       0x44 ./hagl/src/hagl.o
 .comment       0x00000043       0x44 ./hagl/src/rgb565.o

.debug_frame    0x00000000     0x2180
 .debug_frame   0x00000000       0x2c ./Core/Src/dma.o
 .debug_frame   0x0000002c       0x30 ./Core/Src/gpio.o
 .debug_frame   0x0000005c       0xe0 ./Core/Src/lcd.o
 .debug_frame   0x0000013c       0x68 ./Core/Src/main.o
 .debug_frame   0x000001a4       0xac ./Core/Src/plasma.o
 .debug_frame   0x00000250       0x74 ./Core/Src/spi.o
 .debug_frame   0x000002c4       0x28 ./Core/Src/stm32l4xx_hal_msp.o
 .debug_frame   0x000002ec       0xb0 ./Core/Src/stm32l4xx_it.o
 .debug_frame   0x0000039c       0x28 ./Core/Src/sysmem.o
 .debug_frame   0x000003c4       0x30 ./Core/Src/system_stm32l4xx.o
 .debug_frame   0x000003f4      0x280 ./Drivers/STM32L4xx_HAL_Driver/Src/stm32l4xx_hal.o
 .debug_frame   0x00000674      0x158 ./Drivers/STM32L4xx_HAL_Driver/Src/stm32l4xx_hal_cortex.o
 .debug_frame   0x000007cc      0x14c ./Drivers/STM32L4xx_HAL_Driver/Src/stm32l4xx_hal_dma.o
 .debug_frame   0x00000918       0xd4 ./Drivers/STM32L4xx_HAL_Driver/Src/stm32l4xx_hal_gpio.o
 .debug_frame   0x000009ec      0x2a8 ./Drivers/STM32L4xx_HAL_Driver/Src/stm32l4xx_hal_pwr_ex.o
 .debug_frame   0x00000c94      0x170 ./Drivers/STM32L4xx_HAL_Driver/Src/stm32l4xx_hal_rcc.o
 .debug_frame   0x00000e04      0x5c8 ./Drivers/STM32L4xx_HAL_Driver/Src/stm32l4xx_hal_spi.o
 .debug_frame   0x000013cc       0x80 ./hagl/src/bitmap.o
 .debug_frame   0x0000144c       0x40 ./hagl/src/clip.o
 .debug_frame   0x0000148c       0x4c ./hagl/src/fontx.o
 .debug_frame   0x000014d8      0x474 ./hagl/src/hagl.o
 .debug_frame   0x0000194c       0x3c ./hagl/src/rgb565.o
 .debug_frame   0x00001988       0x30 C:/ST/STM32CubeIDE_1.14.1/STM32CubeIDE/plugins/com.st.stm32cube.ide.mcu.externaltools.gnu-tools-for-stm32.12.3.rel1.win32_1.0.100.202403111256/tools/bin/../lib/gcc/arm-none-eabi/12.3.1/../../../../arm-none-eabi/lib/thumb/v7e-m+fp/hard\libc_nano.a(libc_a-malloc.o)
 .debug_frame   0x000019b8       0x50 C:/ST/STM32CubeIDE_1.14.1/STM32CubeIDE/plugins/com.st.stm32cube.ide.mcu.externaltools.gnu-tools-for-stm32.12.3.rel1.win32_1.0.100.202403111256/tools/bin/../lib/gcc/arm-none-eabi/12.3.1/../../../../arm-none-eabi/lib/thumb/v7e-m+fp/hard\libc_nano.a(libc_a-mallocr.o)
 .debug_frame   0x00001a08       0x30 C:/ST/STM32CubeIDE_1.14.1/STM32CubeIDE/plugins/com.st.stm32cube.ide.mcu.externaltools.gnu-tools-for-stm32.12.3.rel1.win32_1.0.100.202403111256/tools/bin/../lib/gcc/arm-none-eabi/12.3.1/../../../../arm-none-eabi/lib/thumb/v7e-m+fp/hard\libc_nano.a(libc_a-mlock.o)
 .debug_frame   0x00001a38      0x144 C:/ST/STM32CubeIDE_1.14.1/STM32CubeIDE/plugins/com.st.stm32cube.ide.mcu.externaltools.gnu-tools-for-stm32.12.3.rel1.win32_1.0.100.202403111256/tools/bin/../lib/gcc/arm-none-eabi/12.3.1/../../../../arm-none-eabi/lib/thumb/v7e-m+fp/hard\libc_nano.a(libc_a-findfp.o)
 .debug_frame   0x00001b7c       0x20 C:/ST/STM32CubeIDE_1.14.1/STM32CubeIDE/plugins/com.st.stm32cube.ide.mcu.externaltools.gnu-tools-for-stm32.12.3.rel1.win32_1.0.100.202403111256/tools/bin/../lib/gcc/arm-none-eabi/12.3.1/../../../../arm-none-eabi/lib/thumb/v7e-m+fp/hard\libc_nano.a(libc_a-memset.o)
 .debug_frame   0x00001b9c       0x38 C:/ST/STM32CubeIDE_1.14.1/STM32CubeIDE/plugins/com.st.stm32cube.ide.mcu.externaltools.gnu-tools-for-stm32.12.3.rel1.win32_1.0.100.202403111256/tools/bin/../lib/gcc/arm-none-eabi/12.3.1/../../../../arm-none-eabi/lib/thumb/v7e-m+fp/hard\libc_nano.a(libc_a-reent.o)
 .debug_frame   0x00001bd4       0x2c C:/ST/STM32CubeIDE_1.14.1/STM32CubeIDE/plugins/com.st.stm32cube.ide.mcu.externaltools.gnu-tools-for-stm32.12.3.rel1.win32_1.0.100.202403111256/tools/bin/../lib/gcc/arm-none-eabi/12.3.1/../../../../arm-none-eabi/lib/thumb/v7e-m+fp/hard\libc_nano.a(libc_a-sbrkr.o)
 .debug_frame   0x00001c00       0x20 C:/ST/STM32CubeIDE_1.14.1/STM32CubeIDE/plugins/com.st.stm32cube.ide.mcu.externaltools.gnu-tools-for-stm32.12.3.rel1.win32_1.0.100.202403111256/tools/bin/../lib/gcc/arm-none-eabi/12.3.1/../../../../arm-none-eabi/lib/thumb/v7e-m+fp/hard\libc_nano.a(libc_a-errno.o)
 .debug_frame   0x00001c20       0x2c C:/ST/STM32CubeIDE_1.14.1/STM32CubeIDE/plugins/com.st.stm32cube.ide.mcu.externaltools.gnu-tools-for-stm32.12.3.rel1.win32_1.0.100.202403111256/tools/bin/../lib/gcc/arm-none-eabi/12.3.1/../../../../arm-none-eabi/lib/thumb/v7e-m+fp/hard\libc_nano.a(libc_a-init.o)
 .debug_frame   0x00001c4c       0xb0 C:/ST/STM32CubeIDE_1.14.1/STM32CubeIDE/plugins/com.st.stm32cube.ide.mcu.externaltools.gnu-tools-for-stm32.12.3.rel1.win32_1.0.100.202403111256/tools/bin/../lib/gcc/arm-none-eabi/12.3.1/../../../../arm-none-eabi/lib/thumb/v7e-m+fp/hard\libc_nano.a(libc_a-lock.o)
 .debug_frame   0x00001cfc       0x3c C:/ST/STM32CubeIDE_1.14.1/STM32CubeIDE/plugins/com.st.stm32cube.ide.mcu.externaltools.gnu-tools-for-stm32.12.3.rel1.win32_1.0.100.202403111256/tools/bin/../lib/gcc/arm-none-eabi/12.3.1/../../../../arm-none-eabi/lib/thumb/v7e-m+fp/hard\libm.a(libm_a-w_sqrt.o)
 .debug_frame   0x00001d38       0x38 C:/ST/STM32CubeIDE_1.14.1/STM32CubeIDE/plugins/com.st.stm32cube.ide.mcu.externaltools.gnu-tools-for-stm32.12.3.rel1.win32_1.0.100.202403111256/tools/bin/../lib/gcc/arm-none-eabi/12.3.1/../../../../arm-none-eabi/lib/thumb/v7e-m+fp/hard\libm.a(libm_a-s_sin.o)
 .debug_frame   0x00001d70       0x38 C:/ST/STM32CubeIDE_1.14.1/STM32CubeIDE/plugins/com.st.stm32cube.ide.mcu.externaltools.gnu-tools-for-stm32.12.3.rel1.win32_1.0.100.202403111256/tools/bin/../lib/gcc/arm-none-eabi/12.3.1/../../../../arm-none-eabi/lib/thumb/v7e-m+fp/hard\libm.a(libm_a-e_sqrt.o)
 .debug_frame   0x00001da8       0x3c C:/ST/STM32CubeIDE_1.14.1/STM32CubeIDE/plugins/com.st.stm32cube.ide.mcu.externaltools.gnu-tools-for-stm32.12.3.rel1.win32_1.0.100.202403111256/tools/bin/../lib/gcc/arm-none-eabi/12.3.1/../../../../arm-none-eabi/lib/thumb/v7e-m+fp/hard\libm.a(libm_a-k_cos.o)
 .debug_frame   0x00001de4       0x40 C:/ST/STM32CubeIDE_1.14.1/STM32CubeIDE/plugins/com.st.stm32cube.ide.mcu.externaltools.gnu-tools-for-stm32.12.3.rel1.win32_1.0.100.202403111256/tools/bin/../lib/gcc/arm-none-eabi/12.3.1/../../../../arm-none-eabi/lib/thumb/v7e-m+fp/hard\libm.a(libm_a-k_sin.o)
 .debug_frame   0x00001e24       0x40 C:/ST/STM32CubeIDE_1.14.1/STM32CubeIDE/plugins/com.st.stm32cube.ide.mcu.externaltools.gnu-tools-for-stm32.12.3.rel1.win32_1.0.100.202403111256/tools/bin/../lib/gcc/arm-none-eabi/12.3.1/../../../../arm-none-eabi/lib/thumb/v7e-m+fp/hard\libm.a(libm_a-e_rem_pio2.o)
 .debug_frame   0x00001e64       0x20 C:/ST/STM32CubeIDE_1.14.1/STM32CubeIDE/plugins/com.st.stm32cube.ide.mcu.externaltools.gnu-tools-for-stm32.12.3.rel1.win32_1.0.100.202403111256/tools/bin/../lib/gcc/arm-none-eabi/12.3.1/../../../../arm-none-eabi/lib/thumb/v7e-m+fp/hard\libm.a(libm_a-s_fabs.o)
 .debug_frame   0x00001e84       0x54 C:/ST/STM32CubeIDE_1.14.1/STM32CubeIDE/plugins/com.st.stm32cube.ide.mcu.externaltools.gnu-tools-for-stm32.12.3.rel1.win32_1.0.100.202403111256/tools/bin/../lib/gcc/arm-none-eabi/12.3.1/../../../../arm-none-eabi/lib/thumb/v7e-m+fp/hard\libm.a(libm_a-k_rem_pio2.o)
 .debug_frame   0x00001ed8       0x2c C:/ST/STM32CubeIDE_1.14.1/STM32CubeIDE/plugins/com.st.stm32cube.ide.mcu.externaltools.gnu-tools-for-stm32.12.3.rel1.win32_1.0.100.202403111256/tools/bin/../lib/gcc/arm-none-eabi/12.3.1/../../../../arm-none-eabi/lib/thumb/v7e-m+fp/hard\libm.a(libm_a-s_scalbn.o)
 .debug_frame   0x00001f04       0x30 C:/ST/STM32CubeIDE_1.14.1/STM32CubeIDE/plugins/com.st.stm32cube.ide.mcu.externaltools.gnu-tools-for-stm32.12.3.rel1.win32_1.0.100.202403111256/tools/bin/../lib/gcc/arm-none-eabi/12.3.1/../../../../arm-none-eabi/lib/thumb/v7e-m+fp/hard\libm.a(libm_a-s_floor.o)
 .debug_frame   0x00001f34       0xac C:/ST/STM32CubeIDE_1.14.1/STM32CubeIDE/plugins/com.st.stm32cube.ide.mcu.externaltools.gnu-tools-for-stm32.12.3.rel1.win32_1.0.100.202403111256/tools/bin/../lib/gcc/arm-none-eabi/12.3.1/thumb/v7e-m+fp/hard\libgcc.a(_arm_addsubdf3.o)
 .debug_frame   0x00001fe0       0x50 C:/ST/STM32CubeIDE_1.14.1/STM32CubeIDE/plugins/com.st.stm32cube.ide.mcu.externaltools.gnu-tools-for-stm32.12.3.rel1.win32_1.0.100.202403111256/tools/bin/../lib/gcc/arm-none-eabi/12.3.1/thumb/v7e-m+fp/hard\libgcc.a(_arm_muldivdf3.o)
 .debug_frame   0x00002030       0xc4 C:/ST/STM32CubeIDE_1.14.1/STM32CubeIDE/plugins/com.st.stm32cube.ide.mcu.externaltools.gnu-tools-for-stm32.12.3.rel1.win32_1.0.100.202403111256/tools/bin/../lib/gcc/arm-none-eabi/12.3.1/thumb/v7e-m+fp/hard\libgcc.a(_arm_cmpdf2.o)
 .debug_frame   0x000020f4       0x20 C:/ST/STM32CubeIDE_1.14.1/STM32CubeIDE/plugins/com.st.stm32cube.ide.mcu.externaltools.gnu-tools-for-stm32.12.3.rel1.win32_1.0.100.202403111256/tools/bin/../lib/gcc/arm-none-eabi/12.3.1/thumb/v7e-m+fp/hard\libgcc.a(_arm_unorddf2.o)
 .debug_frame   0x00002114       0x24 C:/ST/STM32CubeIDE_1.14.1/STM32CubeIDE/plugins/com.st.stm32cube.ide.mcu.externaltools.gnu-tools-for-stm32.12.3.rel1.win32_1.0.100.202403111256/tools/bin/../lib/gcc/arm-none-eabi/12.3.1/thumb/v7e-m+fp/hard\libgcc.a(_arm_fixdfsi.o)
 .debug_frame   0x00002138       0x24 C:/ST/STM32CubeIDE_1.14.1/STM32CubeIDE/plugins/com.st.stm32cube.ide.mcu.externaltools.gnu-tools-for-stm32.12.3.rel1.win32_1.0.100.202403111256/tools/bin/../lib/gcc/arm-none-eabi/12.3.1/thumb/v7e-m+fp/hard\libgcc.a(_arm_fixunsdfsi.o)
 .debug_frame   0x0000215c       0x24 C:/ST/STM32CubeIDE_1.14.1/STM32CubeIDE/plugins/com.st.stm32cube.ide.mcu.externaltools.gnu-tools-for-stm32.12.3.rel1.win32_1.0.100.202403111256/tools/bin/../lib/gcc/arm-none-eabi/12.3.1/thumb/v7e-m+fp/hard\libgcc.a(_arm_truncdfsf2.o)

.debug_loclists
                0x00000000     0x4e88
 .debug_loclists
                0x00000000       0xc3 ./Core/Src/lcd.o
 .debug_loclists
                0x000000c3       0x4f ./Core/Src/main.o
 .debug_loclists
                0x00000112      0x41f ./Core/Src/plasma.o
 .debug_loclists
                0x00000531       0x52 ./Core/Src/spi.o
 .debug_loclists
                0x00000583       0x35 ./Core/Src/sysmem.o
 .debug_loclists
                0x000005b8       0xac ./Core/Src/system_stm32l4xx.o
 .debug_loclists
                0x00000664      0x122 ./Drivers/STM32L4xx_HAL_Driver/Src/stm32l4xx_hal.o
 .debug_loclists
                0x00000786      0x380 ./Drivers/STM32L4xx_HAL_Driver/Src/stm32l4xx_hal_cortex.o
 .debug_loclists
                0x00000b06      0x404 ./Drivers/STM32L4xx_HAL_Driver/Src/stm32l4xx_hal_dma.o
 .debug_loclists
                0x00000f0a      0x228 ./Drivers/STM32L4xx_HAL_Driver/Src/stm32l4xx_hal_gpio.o
 .debug_loclists
                0x00001132      0x316 ./Drivers/STM32L4xx_HAL_Driver/Src/stm32l4xx_hal_pwr_ex.o
 .debug_loclists
                0x00001448      0x54a ./Drivers/STM32L4xx_HAL_Driver/Src/stm32l4xx_hal_rcc.o
 .debug_loclists
                0x00001992     0x11ea ./Drivers/STM32L4xx_HAL_Driver/Src/stm32l4xx_hal_spi.o
 .debug_loclists
                0x00002b7c      0x48e ./hagl/src/bitmap.o
 .debug_loclists
                0x0000300a      0x34a ./hagl/src/clip.o
 .debug_loclists
                0x00003354      0x184 ./hagl/src/fontx.o
 .debug_loclists
                0x000034d8     0x17f1 ./hagl/src/hagl.o
 .debug_loclists
                0x00004cc9      0x1bf ./hagl/src/rgb565.o

.debug_line_str
                0x00000000       0x73
 .debug_line_str
                0x00000000       0x73 ./Core/Startup/startup_stm32l476rgtx.o
